<html>
<body>
<pre>
<h1>�Vision Build Log</h1>
<h2>Tool Versions:</h2>
IDE-Version: ��Vision V5.28.0.0
Copyright (C) 2019 ARM Ltd and ARM Germany GmbH. All rights reserved.
License Information: zkl 3318559945@qq.com, ouc, LIC=76F5U-S5YZA-MM29I-TJR5I-Z6PJE-9JQHD
 
Tool Versions:
Toolchain:       MDK-ARM Plus  Version: 5.28.0.0
Toolchain Path:  D:\Keil5\MDK\ARM\ARMCC\Bin
C Compiler:      Armcc.exe V5.06 update 6 (build 750)
Assembler:       Armasm.exe V5.06 update 6 (build 750)
Linker/Locator:  ArmLink.exe V5.06 update 6 (build 750)
Library Manager: ArmAr.exe V5.06 update 6 (build 750)
Hex Converter:   FromElf.exe V5.06 update 6 (build 750)
CPU DLL:         SARMCM3.DLL V5.28.0.0
Dialog DLL:      DCM.DLL V1.17.3.0
Target DLL:      CMSIS_AGDI.dll V1.31.18.0
Dialog DLL:      TCM.DLL V1.36.2.0
 
<h2>Project:</h2>
f:\work\ROV\version_0625\MDK-ARM\Main_Ctrl.uvprojx
Project File Date:  07/10/2026

<h2>Output:</h2>
*** Using Compiler 'V5.06 update 6 (build 750)', folder: 'D:\Keil5\MDK\ARM\ARMCC\Bin'
Build target 'Main_Ctrl'
compiling main.c...
../Users/Modules/Module_CAN_Prop.h(14): warning:  #9-D: nested comment is not allowed
  /* CAN发送扩展帧起始地址 */
../Users/Libs/sht_iic_hal.h(87): warning:  #1-D: last line of file ends without a newline
  #endif
../Core/Src/main.c: 2 warnings, 0 errors
compiling stm32f4xx_it.c...
../Users/Modules/Module_CAN_Prop.h(14): warning:  #9-D: nested comment is not allowed
  /* CAN发送扩展帧起始地址 */
../Users/Libs/sht_iic_hal.h(87): warning:  #1-D: last line of file ends without a newline
  #endif
../Core/Src/stm32f4xx_it.c: 2 warnings, 0 errors
compiling freertos.c...
../Users/Modules/Module_CAN_Prop.h(14): warning:  #9-D: nested comment is not allowed
  /* CAN发送扩展帧起始地址 */
../Users/Libs/sht_iic_hal.h(87): warning:  #1-D: last line of file ends without a newline
  #endif
../Core/Src/freertos.c: 2 warnings, 0 errors
compiling ROV_Pressure_Sensor.c...
../Users/Modules/Module_CAN_Prop.h(14): warning:  #9-D: nested comment is not allowed
  /* CAN发送扩展帧起始地址 */
../Users/Libs/sht_iic_hal.h(87): warning:  #1-D: last line of file ends without a newline
  #endif
..\Users\Modules\ROV_Pressure_Sensor.c(142): warning:  #1035-D: single-precision operand implicitly converted to double-precision
  						ROV_Press.Conv_speed[0] = (float)(ROV_Press.Conv_depth[0] - ROV_Press.Conv_depth[1])*(1.0-lpt_k) + ROV_Press.Conv_speed[1]*lpt_k;  //单位 mm/s
..\Users\Modules\ROV_Pressure_Sensor.c: 3 warnings, 0 errors
compiling Module_UART.c...
../Users/Modules/Module_CAN_Prop.h(14): warning:  #9-D: nested comment is not allowed
  /* CAN发送扩展帧起始地址 */
../Users/Libs/sht_iic_hal.h(87): warning:  #1-D: last line of file ends without a newline
  #endif
..\Users\Modules\Module_UART.c: 2 warnings, 0 errors
compiling Module_LED.c...
../Users/Modules/Module_CAN_Prop.h(14): warning:  #9-D: nested comment is not allowed
  /* CAN发送扩展帧起始地址 */
../Users/Libs/sht_iic_hal.h(87): warning:  #1-D: last line of file ends without a newline
  #endif
..\Users\Modules\Module_LED.c: 2 warnings, 0 errors
compiling Module_Prop.c...
../Users/Modules/Module_CAN_Prop.h(14): warning:  #9-D: nested comment is not allowed
  /* CAN发送扩展帧起始地址 */
../Users/Libs/sht_iic_hal.h(87): warning:  #1-D: last line of file ends without a newline
  #endif
..\Users\Modules\Module_Prop.c(172): warning:  #1-D: last line of file ends without a newline
  }
..\Users\Modules\Module_Prop.c: 3 warnings, 0 errors
compiling Error_Handle.c...
../Users/Modules/Module_CAN_Prop.h(14): warning:  #9-D: nested comment is not allowed
  /* CAN发送扩展帧起始地址 */
../Users/Libs/sht_iic_hal.h(87): warning:  #1-D: last line of file ends without a newline
  #endif
..\Users\Modules\Error_Handle.c: 2 warnings, 0 errors
compiling ROV_AirPressure_Sensor.c...
../Users/Modules/Module_CAN_Prop.h(14): warning:  #9-D: nested comment is not allowed
  /* CAN发送扩展帧起始地址 */
../Users/Libs/sht_iic_hal.h(87): warning:  #1-D: last line of file ends without a newline
  #endif
..\Users\Modules\ROV_AirPressure_Sensor.c: 2 warnings, 0 errors
compiling Module_Encoder.c...
../Users/Modules/Module_CAN_Prop.h(14): warning:  #9-D: nested comment is not allowed
  /* CAN发送扩展帧起始地址 */
../Users/Libs/sht_iic_hal.h(87): warning:  #1-D: last line of file ends without a newline
  #endif
..\Users\Modules\Module_Encoder.c(9): warning:  #177-D: variable "CMD1_RESET_ZERO"  was declared but never referenced
  static const uint8_t CMD1_RESET_ZERO[8]  = {0x01, 0x06, 0x00, 0x08, 0x00, 0x01, 0xC9, 0xC8};
..\Users\Modules\Module_Encoder.c(10): warning:  #177-D: variable "CMD2_RESET_ZERO"  was declared but never referenced
  static const uint8_t CMD2_RESET_ZERO[8]  = {0x02, 0x06, 0x00, 0x08, 0x00, 0x01, 0xC9, 0xFB};
..\Users\Modules\Module_Encoder.c: 4 warnings, 0 errors
compiling Module_485_Prop.c...
../Users/Modules/Module_CAN_Prop.h(14): warning:  #9-D: nested comment is not allowed
  /* CAN发送扩展帧起始地址 */
../Users/Libs/sht_iic_hal.h(87): warning:  #1-D: last line of file ends without a newline
  #endif
..\Users\Modules\Module_485_Prop.c: 2 warnings, 0 errors
compiling Module_PID.c...
../Users/Modules/Module_CAN_Prop.h(14): warning:  #9-D: nested comment is not allowed
  /* CAN发送扩展帧起始地址 */
../Users/Libs/sht_iic_hal.h(87): warning:  #1-D: last line of file ends without a newline
  #endif
..\Users\Modules\Module_PID.c(202): warning:  #185-D: dynamic initialization in unreachable code
  		int16_t auto_cq = 0;
..\Users\Modules\Module_PID.c(200): warning:  #546-D: transfer of control bypasses initialization of:
            variable "auto_cq"  (declared at line 202)
  	switch(PID_Type->symbol)
  	^
..\Users\Modules\Module_PID.c: 4 warnings, 0 errors
compiling MainCommunicate.c...
../Users/Modules/Module_CAN_Prop.h(14): warning:  #9-D: nested comment is not allowed
  /* CAN发送扩展帧起始地址 */
../Users/Libs/sht_iic_hal.h(87): warning:  #1-D: last line of file ends without a newline
  #endif
..\Users\Modules\MainCommunicate.c(123): warning:  #550-D: variable "xLastWakeTime"  was set but never used
  	static TickType_t xLastWakeTime;
..\Users\Modules\MainCommunicate.c: 3 warnings, 0 errors
compiling Module_CAN_Prop.c...
../Users/Modules/Module_CAN_Prop.h(14): warning:  #9-D: nested comment is not allowed
  /* CAN发送扩展帧起始地址 */
../Users/Libs/sht_iic_hal.h(87): warning:  #1-D: last line of file ends without a newline
  #endif
..\Users\Modules\Module_CAN_Prop.h(14): warning:  #9-D: nested comment is not allowed
  /* CAN发送扩展帧起始地址 */
..\Users\Modules\Module_CAN_Prop.c: 3 warnings, 0 errors
compiling Module_Compass.c...
../Users/Modules/Module_CAN_Prop.h(14): warning:  #9-D: nested comment is not allowed
  /* CAN发送扩展帧起始地址 */
../Users/Libs/sht_iic_hal.h(87): warning:  #1-D: last line of file ends without a newline
  #endif
..\Users\Modules\Module_Compass.c: 2 warnings, 0 errors
linking...
Program Size: Code=39404 RO-data=1552 RW-data=2036 ZI-data=22452  
FromELF: creating hex file...
"Main_Ctrl\Main_Ctrl.axf" - 0 Error(s), 38 Warning(s).

<h2>Software Packages used:</h2>

Package Vendor: ARM
                http://www.keil.com/pack/ARM.CMSIS.5.5.1.pack
                ARM.CMSIS.5.5.1
                CMSIS (Cortex Microcontroller Software Interface Standard)
   * Component: CORE Version: 5.2.0

Package Vendor: Keil
                http://www.keil.com/pack/Keil.STM32F4xx_DFP.1.0.8.pack
                Keil.STM32F4xx_DFP.1.0.8
                STMicroelectronics STM32F4 Series Device Support, Drivers and Examples

<h2>Collection of Component include folders:</h2>
  .\RTE\_Main_Ctrl
  D:\Keil5\MDK\Arm\Packs\ARM\CMSIS\5.5.1\CMSIS\Core\Include
  D:\Keil5\MDK\Arm\Packs\Keil\STM32F4xx_DFP\1.0.8\Device\Include

<h2>Collection of Component Files used:</h2>

   * Component: ARM::CMSIS:CORE:5.2.0
Build Time Elapsed:  00:00:21
</pre>
</body>
</html>
