Component: ARM Compiler 5.06 update 6 (build 750) Tool: armlink [4d35ed]

==============================================================================

Section Cross References

    startup_stm32f407xx.o(RESET) refers to startup_stm32f407xx.o(STACK) for __initial_sp
    startup_stm32f407xx.o(RESET) refers to startup_stm32f407xx.o(.text) for Reset_Handler
    startup_stm32f407xx.o(RESET) refers to stm32f4xx_it.o(i.NMI_Handler) for NMI_Handler
    startup_stm32f407xx.o(RESET) refers to stm32f4xx_it.o(i.HardFault_Handler) for HardFault_Handler
    startup_stm32f407xx.o(RESET) refers to stm32f4xx_it.o(i.MemManage_Handler) for MemManage_Handler
    startup_stm32f407xx.o(RESET) refers to stm32f4xx_it.o(i.BusFault_Handler) for BusFault_Handler
    startup_stm32f407xx.o(RESET) refers to stm32f4xx_it.o(i.UsageFault_Handler) for UsageFault_Handler
    startup_stm32f407xx.o(RESET) refers to port.o(.emb_text) for SVC_Handler
    startup_stm32f407xx.o(RESET) refers to stm32f4xx_it.o(i.DebugMon_Handler) for DebugMon_Handler
    startup_stm32f407xx.o(RESET) refers to cmsis_os2.o(i.SysTick_Handler) for SysTick_Handler
    startup_stm32f407xx.o(RESET) refers to stm32f4xx_it.o(i.DMA1_Stream0_IRQHandler) for DMA1_Stream0_IRQHandler
    startup_stm32f407xx.o(RESET) refers to stm32f4xx_it.o(i.DMA1_Stream1_IRQHandler) for DMA1_Stream1_IRQHandler
    startup_stm32f407xx.o(RESET) refers to stm32f4xx_it.o(i.DMA1_Stream2_IRQHandler) for DMA1_Stream2_IRQHandler
    startup_stm32f407xx.o(RESET) refers to stm32f4xx_it.o(i.DMA1_Stream3_IRQHandler) for DMA1_Stream3_IRQHandler
    startup_stm32f407xx.o(RESET) refers to stm32f4xx_it.o(i.DMA1_Stream4_IRQHandler) for DMA1_Stream4_IRQHandler
    startup_stm32f407xx.o(RESET) refers to stm32f4xx_it.o(i.DMA1_Stream5_IRQHandler) for DMA1_Stream5_IRQHandler
    startup_stm32f407xx.o(RESET) refers to stm32f4xx_it.o(i.DMA1_Stream6_IRQHandler) for DMA1_Stream6_IRQHandler
    startup_stm32f407xx.o(RESET) refers to stm32f4xx_it.o(i.CAN1_RX0_IRQHandler) for CAN1_RX0_IRQHandler
    startup_stm32f407xx.o(RESET) refers to stm32f4xx_it.o(i.USART1_IRQHandler) for USART1_IRQHandler
    startup_stm32f407xx.o(RESET) refers to stm32f4xx_it.o(i.USART2_IRQHandler) for USART2_IRQHandler
    startup_stm32f407xx.o(RESET) refers to stm32f4xx_it.o(i.USART3_IRQHandler) for USART3_IRQHandler
    startup_stm32f407xx.o(RESET) refers to stm32f4xx_it.o(i.DMA1_Stream7_IRQHandler) for DMA1_Stream7_IRQHandler
    startup_stm32f407xx.o(RESET) refers to stm32f4xx_it.o(i.UART4_IRQHandler) for UART4_IRQHandler
    startup_stm32f407xx.o(RESET) refers to stm32f4xx_it.o(i.UART5_IRQHandler) for UART5_IRQHandler
    startup_stm32f407xx.o(RESET) refers to stm32f4xx_it.o(i.TIM7_IRQHandler) for TIM7_IRQHandler
    startup_stm32f407xx.o(RESET) refers to stm32f4xx_it.o(i.DMA2_Stream1_IRQHandler) for DMA2_Stream1_IRQHandler
    startup_stm32f407xx.o(RESET) refers to stm32f4xx_it.o(i.DMA2_Stream2_IRQHandler) for DMA2_Stream2_IRQHandler
    startup_stm32f407xx.o(RESET) refers to stm32f4xx_it.o(i.DMA2_Stream6_IRQHandler) for DMA2_Stream6_IRQHandler
    startup_stm32f407xx.o(RESET) refers to stm32f4xx_it.o(i.DMA2_Stream7_IRQHandler) for DMA2_Stream7_IRQHandler
    startup_stm32f407xx.o(RESET) refers to stm32f4xx_it.o(i.USART6_IRQHandler) for USART6_IRQHandler
    startup_stm32f407xx.o(.text) refers to system_stm32f4xx.o(i.SystemInit) for SystemInit
    startup_stm32f407xx.o(.text) refers to entry.o(.ARM.Collect$$$$00000000) for __main
    main.o(i.HAL_TIM_PeriodElapsedCallback) refers to stm32f4xx_hal.o(i.HAL_IncTick) for HAL_IncTick
    main.o(i.SystemClock_Config) refers to memseta.o(.text) for __aeabi_memclr4
    main.o(i.SystemClock_Config) refers to stm32f4xx_hal_rcc.o(i.HAL_RCC_OscConfig) for HAL_RCC_OscConfig
    main.o(i.SystemClock_Config) refers to main.o(i.Error_Handler) for Error_Handler
    main.o(i.SystemClock_Config) refers to stm32f4xx_hal_rcc.o(i.HAL_RCC_ClockConfig) for HAL_RCC_ClockConfig
    main.o(i.main) refers to stm32f4xx_hal.o(i.HAL_Init) for HAL_Init
    main.o(i.main) refers to main.o(i.SystemClock_Config) for SystemClock_Config
    main.o(i.main) refers to gpio.o(i.MX_GPIO_Init) for MX_GPIO_Init
    main.o(i.main) refers to dma.o(i.MX_DMA_Init) for MX_DMA_Init
    main.o(i.main) refers to usart.o(i.MX_USART1_UART_Init) for MX_USART1_UART_Init
    main.o(i.main) refers to can.o(i.MX_CAN1_Init) for MX_CAN1_Init
    main.o(i.main) refers to usart.o(i.MX_USART2_UART_Init) for MX_USART2_UART_Init
    main.o(i.main) refers to usart.o(i.MX_UART4_Init) for MX_UART4_Init
    main.o(i.main) refers to usart.o(i.MX_USART3_UART_Init) for MX_USART3_UART_Init
    main.o(i.main) refers to usart.o(i.MX_UART5_Init) for MX_UART5_Init
    main.o(i.main) refers to usart.o(i.MX_USART6_UART_Init) for MX_USART6_UART_Init
    main.o(i.main) refers to tim.o(i.MX_TIM2_Init) for MX_TIM2_Init
    main.o(i.main) refers to tim.o(i.MX_TIM3_Init) for MX_TIM3_Init
    main.o(i.main) refers to adc.o(i.MX_ADC1_Init) for MX_ADC1_Init
[...]
    TIM1_TRG_COM_TIM11_IRQHandler            0x08000277   Thumb Code     0  startup_stm32f407xx.o(.text)
    TIM1_UP_TIM10_IRQHandler                 0x08000277   Thumb Code     0  startup_stm32f407xx.o(.text)
    TIM2_IRQHandler                          0x08000277   Thumb Code     0  startup_stm32f407xx.o(.text)
    TIM3_IRQHandler                          0x08000277   Thumb Code     0  startup_stm32f407xx.o(.text)
    TIM4_IRQHandler                          0x08000277   Thumb Code     0  startup_stm32f407xx.o(.text)
    TIM5_IRQHandler                          0x08000277   Thumb Code     0  startup_stm32f407xx.o(.text)
    TIM6_DAC_IRQHandler                      0x08000277   Thumb Code     0  startup_stm32f407xx.o(.text)
    TIM8_BRK_TIM12_IRQHandler                0x08000277   Thumb Code     0  startup_stm32f407xx.o(.text)
    TIM8_CC_IRQHandler                       0x08000277   Thumb Code     0  startup_stm32f407xx.o(.text)
    TIM8_TRG_COM_TIM14_IRQHandler            0x08000277   Thumb Code     0  startup_stm32f407xx.o(.text)
    TIM8_UP_TIM13_IRQHandler                 0x08000277   Thumb Code     0  startup_stm32f407xx.o(.text)
    WWDG_IRQHandler                          0x08000277   Thumb Code     0  startup_stm32f407xx.o(.text)
    __aeabi_uldivmod                         0x08000281   Thumb Code    98  uldiv.o(.text)
    __aeabi_memcpy                           0x080002e3   Thumb Code    36  memcpya.o(.text)
    __aeabi_memcpy4                          0x080002e3   Thumb Code     0  memcpya.o(.text)
    __aeabi_memcpy8                          0x080002e3   Thumb Code     0  memcpya.o(.text)
    __aeabi_memset                           0x08000307   Thumb Code    14  memseta.o(.text)
    __aeabi_memset4                          0x08000307   Thumb Code     0  memseta.o(.text)
    __aeabi_memset8                          0x08000307   Thumb Code     0  memseta.o(.text)
    __aeabi_memclr                           0x08000315   Thumb Code     4  memseta.o(.text)
    __aeabi_memclr4                          0x08000315   Thumb Code     0  memseta.o(.text)
    __aeabi_memclr8                          0x08000315   Thumb Code     0  memseta.o(.text)
    memset                                   0x08000319   Thumb Code    18  memseta.o(.text)
    __aeabi_dadd                             0x0800032b   Thumb Code   322  dadd.o(.text)
    __aeabi_dsub                             0x0800046d   Thumb Code     6  dadd.o(.text)
    __aeabi_drsub                            0x08000473   Thumb Code     6  dadd.o(.text)
    __aeabi_dmul                             0x08000479   Thumb Code   228  dmul.o(.text)
    __aeabi_ui2d                             0x0800055d   Thumb Code    26  dfltui.o(.text)
    __aeabi_f2d                              0x08000577   Thumb Code    38  f2d.o(.text)
    __aeabi_d2f                              0x0800059d   Thumb Code    56  d2f.o(.text)
    __aeabi_llsl                             0x080005d5   Thumb Code    30  llshl.o(.text)
    _ll_shift_l                              0x080005d5   Thumb Code     0  llshl.o(.text)
    __aeabi_llsr                             0x080005f3   Thumb Code    32  llushr.o(.text)
    _ll_ushift_r                             0x080005f3   Thumb Code     0  llushr.o(.text)
    __aeabi_lasr                             0x08000613   Thumb Code    36  llsshr.o(.text)
    _ll_sshift_r                             0x08000613   Thumb Code     0  llsshr.o(.text)
    __I$use$fp                               0x08000637   Thumb Code     0  iusefp.o(.text)
    _float_round                             0x08000637   Thumb Code    18  fepilogue.o(.text)
    _float_epilogue                          0x08000649   Thumb Code    92  fepilogue.o(.text)
    _double_round                            0x080006a5   Thumb Code    30  depilogue.o(.text)
    _double_epilogue                         0x080006c3   Thumb Code   156  depilogue.o(.text)
    __scatterload                            0x08000761   Thumb Code    28  init.o(.text)
    __scatterload_rt2                        0x08000761   Thumb Code     0  init.o(.text)
    __decompress                             0x08000785   Thumb Code     0  __dczerorl2.o(.text)
    __decompress1                            0x08000785   Thumb Code    86  __dczerorl2.o(.text)
    AD_GetValue                              0x0800093d   Thumb Code    48  rov_airpressure_sensor.o(i.AD_GetValue)
    AutoParameter_Init                       0x08000975   Thumb Code   322  module_pid.o(i.AutoParameter_Init)
    BCD2DEC                                  0x08000ae1   Thumb Code    14  module_compass.o(i.BCD2DEC)
    BusFault_Handler                         0x08000aef   Thumb Code     4  stm32f4xx_it.o(i.BusFault_Handler)
    CAN1_RX0_IRQHandler                      0x08000af5   Thumb Code    10  stm32f4xx_it.o(i.CAN1_RX0_IRQHandler)
    CAN1_SendData                            0x08000b05   Thumb Code   178  module_can_prop.o(i.CAN1_SendData)
    CAN_Config                               0x08000bcd   Thumb Code   116  module_can_prop.o(i.CAN_Config)
    CAN_Data_Pro                             0x08000c4d   Thumb Code   150  module_can_prop.o(i.CAN_Data_Pro)
    CAN_Prop_Init                            0x08000cf1   Thumb Code   102  module_can_prop.o(i.CAN_Prop_Init)
    CRC16_MODBUS                             0x08000d65   Thumb Code   120  crc16_lib.o(i.CRC16_MODBUS)
    Can_Prop_Send                            0x08000ddd   Thumb Code   114  module_can_prop.o(i.Can_Prop_Send)
    Clamp                                    0x08000e55   Thumb Code    22  module_prop.o(i.Clamp)
    Compass_GetData                          0x08000e6d   Thumb Code   442  module_compass.o(i.Compass_GetData)
    Compass_Init                             0x08001039   Thumb Code   114  module_compass.o(i.Compass_Init)
    ControlCabin_GetData                     0x080010b5   Thumb Code    38  freertos.o(i.ControlCabin_GetData)
    DMA1_Stream0_IRQHandler                  0x080010e5   Thumb Code    10  stm32f4xx_it.o(i.DMA1_Stream0_IRQHandler)
    DMA1_Stream1_IRQHandler                  0x080010f5   Thumb Code    10  stm32f4xx_it.o(i.DMA1_Stream1_IRQHandler)
    DMA1_Stream2_IRQHandler                  0x08001105   Thumb Code    10  stm32f4xx_it.o(i.DMA1_Stream2_IRQHandler)
    DMA1_Stream3_IRQHandler                  0x08001115   Thumb Code    10  stm32f4xx_it.o(i.DMA1_Stream3_IRQHandler)
    DMA1_Stream4_IRQHandler                  0x08001125   Thumb Code    10  stm32f4xx_it.o(i.DMA1_Stream4_IRQHandler)
    DMA1_Stream5_IRQHandler                  0x08001135   Thumb Code    10  stm32f4xx_it.o(i.DMA1_Stream5_IRQHandler)
    DMA1_Stream6_IRQHandler                  0x08001145   Thumb Code    10  stm32f4xx_it.o(i.DMA1_Stream6_IRQHandler)
    DMA1_Stream7_IRQHandler                  0x08001155   Thumb Code    10  stm32f4xx_it.o(i.DMA1_Stream7_IRQHandler)
    DMA2_Stream1_IRQHandler                  0x08001165   Thumb Code    10  stm32f4xx_it.o(i.DMA2_Stream1_IRQHandler)
    DMA2_Stream2_IRQHandler                  0x08001175   Thumb Code    10  stm32f4xx_it.o(i.DMA2_Stream2_IRQHandler)
    DMA2_Stream6_IRQHandler                  0x08001185   Thumb Code    10  stm32f4xx_it.o(i.DMA2_Stream6_IRQHandler)
    DMA2_Stream7_IRQHandler                  0x08001195   Thumb Code    10  stm32f4xx_it.o(i.DMA2_Stream7_IRQHandler)
    DebugMon_Handler                         0x080012af   Thumb Code     2  stm32f4xx_it.o(i.DebugMon_Handler)
    DelayMicroSeconds                        0x080012b1   Thumb Code    32  sht_system.o(i.DelayMicroSeconds)
    Error_Handler                            0x080012d1   Thumb Code     6  main.o(i.Error_Handler)
    Frame_Align                              0x080012d7   Thumb Code   106  module_uart.o(i.Frame_Align)
    Global_Init                              0x08001341   Thumb Code   110  freertos.o(i.Global_Init)
    HAL_ADC_ConfigChannel                    0x080013b9   Thumb Code   380  stm32f4xx_hal_adc.o(i.HAL_ADC_ConfigChannel)
    HAL_ADC_GetState                         0x08001545   Thumb Code     6  stm32f4xx_hal_adc.o(i.HAL_ADC_GetState)
    HAL_ADC_GetValue                         0x0800154b   Thumb Code     8  stm32f4xx_hal_adc.o(i.HAL_ADC_GetValue)
    HAL_ADC_Init                             0x08001555   Thumb Code   100  stm32f4xx_hal_adc.o(i.HAL_ADC_Init)
    HAL_ADC_MspInit                          0x080015bd   Thumb Code   114  adc.o(i.HAL_ADC_MspInit)
    HAL_ADC_PollForConversion                0x0800163d   Thumb Code   206  stm32f4xx_hal_adc.o(i.HAL_ADC_PollForConversion)
    HAL_ADC_Start                            0x0800170d   Thumb Code   308  stm32f4xx_hal_adc.o(i.HAL_ADC_Start)
    HAL_CAN_ActivateNotification             0x08001859   Thumb Code    42  stm32f4xx_hal_can.o(i.HAL_CAN_ActivateNotification)
    HAL_CAN_AddTxMessage                     0x08001883   Thumb Code   330  stm32f4xx_hal_can.o(i.HAL_CAN_AddTxMessage)
    HAL_CAN_ConfigFilter                     0x080019cd   Thumb Code   284  stm32f4xx_hal_can.o(i.HAL_CAN_ConfigFilter)
    HAL_CAN_ErrorCallback                    0x08001aed   Thumb Code     2  stm32f4xx_hal_can.o(i.HAL_CAN_ErrorCallback)
    HAL_CAN_GetRxMessage                     0x08001aef   Thumb Code   404  stm32f4xx_hal_can.o(i.HAL_CAN_GetRxMessage)
    HAL_CAN_GetTxMailboxesFreeLevel          0x08001c83   Thumb Code    54  stm32f4xx_hal_can.o(i.HAL_CAN_GetTxMailboxesFreeLevel)
    HAL_CAN_IRQHandler                       0x08001cb9   Thumb Code   590  stm32f4xx_hal_can.o(i.HAL_CAN_IRQHandler)
    HAL_CAN_Init                             0x08001f07   Thumb Code   372  stm32f4xx_hal_can.o(i.HAL_CAN_Init)
    HAL_CAN_MspInit                          0x0800207d   Thumb Code   140  can.o(i.HAL_CAN_MspInit)
    HAL_CAN_RxFifo0FullCallback              0x08002115   Thumb Code     2  stm32f4xx_hal_can.o(i.HAL_CAN_RxFifo0FullCallback)
    HAL_CAN_RxFifo0MsgPendingCallback        0x08002119   Thumb Code    46  module_can_prop.o(i.HAL_CAN_RxFifo0MsgPendingCallback)
    HAL_CAN_RxFifo1FullCallback              0x08002155   Thumb Code     2  stm32f4xx_hal_can.o(i.HAL_CAN_RxFifo1FullCallback)
    HAL_CAN_RxFifo1MsgPendingCallback        0x08002157   Thumb Code     2  stm32f4xx_hal_can.o(i.HAL_CAN_RxFifo1MsgPendingCallback)
    HAL_CAN_SleepCallback                    0x08002159   Thumb Code     2  stm32f4xx_hal_can.o(i.HAL_CAN_SleepCallback)
    HAL_CAN_Start                            0x0800215b   Thumb Code    94  stm32f4xx_hal_can.o(i.HAL_CAN_Start)
    HAL_CAN_TxMailbox0AbortCallback          0x080021b9   Thumb Code     2  stm32f4xx_hal_can.o(i.HAL_CAN_TxMailbox0AbortCallback)
    HAL_CAN_TxMailbox0CompleteCallback       0x080021bb   Thumb Code     2  stm32f4xx_hal_can.o(i.HAL_CAN_TxMailbox0CompleteCallback)
    HAL_CAN_TxMailbox1AbortCallback          0x080021bd   Thumb Code     2  stm32f4xx_hal_can.o(i.HAL_CAN_TxMailbox1AbortCallback)
    HAL_CAN_TxMailbox1CompleteCallback       0x080021bf   Thumb Code     2  stm32f4xx_hal_can.o(i.HAL_CAN_TxMailbox1CompleteCallback)
    HAL_CAN_TxMailbox2AbortCallback          0x080021c1   Thumb Code     2  stm32f4xx_hal_can.o(i.HAL_CAN_TxMailbox2AbortCallback)
    HAL_CAN_TxMailbox2CompleteCallback       0x080021c3   Thumb Code     2  stm32f4xx_hal_can.o(i.HAL_CAN_TxMailbox2CompleteCallback)
    HAL_CAN_WakeUpFromRxMsgCallback          0x080021c5   Thumb Code     2  stm32f4xx_hal_can.o(i.HAL_CAN_WakeUpFromRxMsgCallback)
    HAL_DMA_Abort                            0x080021c7   Thumb Code   172  stm32f4xx_hal_dma.o(i.HAL_DMA_Abort)
    HAL_DMA_Abort_IT                         0x08002273   Thumb Code    40  stm32f4xx_hal_dma.o(i.HAL_DMA_Abort_IT)
    HAL_DMA_IRQHandler                       0x0800229d   Thumb Code   570  stm32f4xx_hal_dma.o(i.HAL_DMA_IRQHandler)
    HAL_DMA_Init                             0x080024dd   Thumb Code   232  stm32f4xx_hal_dma.o(i.HAL_DMA_Init)
    HAL_DMA_Start_IT                         0x080025c9   Thumb Code   146  stm32f4xx_hal_dma.o(i.HAL_DMA_Start_IT)
    HAL_Delay                                0x0800265d   Thumb Code    36  stm32f4xx_hal.o(i.HAL_Delay)
    HAL_GPIO_Init                            0x08002685   Thumb Code   454  stm32f4xx_hal_gpio.o(i.HAL_GPIO_Init)
    HAL_GPIO_ReadPin                         0x08002879   Thumb Code    16  stm32f4xx_hal_gpio.o(i.HAL_GPIO_ReadPin)
    HAL_GPIO_WritePin                        0x08002889   Thumb Code    12  stm32f4xx_hal_gpio.o(i.HAL_GPIO_WritePin)
    HAL_GetTick                              0x08002895   Thumb Code     6  stm32f4xx_hal.o(i.HAL_GetTick)
    HAL_IncTick                              0x080028a1   Thumb Code    16  stm32f4xx_hal.o(i.HAL_IncTick)
    HAL_Init                                 0x080028b9   Thumb Code    54  stm32f4xx_hal.o(i.HAL_Init)
    HAL_InitTick                             0x080028f5   Thumb Code   160  stm32f4xx_hal_timebase_tim.o(i.HAL_InitTick)
    HAL_MspInit                              0x080029a9   Thumb Code    78  stm32f4xx_hal_msp.o(i.HAL_MspInit)
    HAL_NVIC_EnableIRQ                       0x080029fd   Thumb Code    40  stm32f4xx_hal_cortex.o(i.HAL_NVIC_EnableIRQ)
    HAL_NVIC_SetPriority                     0x08002a25   Thumb Code   124  stm32f4xx_hal_cortex.o(i.HAL_NVIC_SetPriority)
    HAL_NVIC_SetPriorityGrouping             0x08002aa1   Thumb Code    32  stm32f4xx_hal_cortex.o(i.HAL_NVIC_SetPriorityGrouping)
    HAL_RCC_ClockConfig                      0x08002ac9   Thumb Code   368  stm32f4xx_hal_rcc.o(i.HAL_RCC_ClockConfig)
    HAL_RCC_GetClockConfig                   0x08002c4d   Thumb Code    58  stm32f4xx_hal_rcc.o(i.HAL_RCC_GetClockConfig)
    HAL_RCC_GetHCLKFreq                      0x08002c91   Thumb Code     6  stm32f4xx_hal_rcc.o(i.HAL_RCC_GetHCLKFreq)
    HAL_RCC_GetPCLK1Freq                     0x08002c9d   Thumb Code    22  stm32f4xx_hal_rcc.o(i.HAL_RCC_GetPCLK1Freq)
    HAL_RCC_GetPCLK2Freq                     0x08002cbd   Thumb Code    22  stm32f4xx_hal_rcc.o(i.HAL_RCC_GetPCLK2Freq)
    HAL_RCC_GetSysClockFreq                  0x08002cdd   Thumb Code   162  stm32f4xx_hal_rcc.o(i.HAL_RCC_GetSysClockFreq)
    HAL_RCC_OscConfig                        0x08002d8d   Thumb Code  1172  stm32f4xx_hal_rcc.o(i.HAL_RCC_OscConfig)
    HAL_TIMEx_BreakCallback                  0x08003229   Thumb Code     2  stm32f4xx_hal_tim_ex.o(i.HAL_TIMEx_BreakCallback)
    HAL_TIMEx_CommutCallback                 0x0800322b   Thumb Code     2  stm32f4xx_hal_tim_ex.o(i.HAL_TIMEx_CommutCallback)
    HAL_TIMEx_MasterConfigSynchronization    0x0800322d   Thumb Code   150  stm32f4xx_hal_tim_ex.o(i.HAL_TIMEx_MasterConfigSynchronization)
    HAL_TIM_Base_Init                        0x080032e1   Thumb Code   102  stm32f4xx_hal_tim.o(i.HAL_TIM_Base_Init)
    HAL_TIM_Base_MspInit                     0x08003349   Thumb Code    84  tim.o(i.HAL_TIM_Base_MspInit)
    HAL_TIM_Base_Start_IT                    0x080033a5   Thumb Code   138  stm32f4xx_hal_tim.o(i.HAL_TIM_Base_Start_IT)
    HAL_TIM_ConfigClockSource                0x0800344d   Thumb Code   268  stm32f4xx_hal_tim.o(i.HAL_TIM_ConfigClockSource)
    HAL_TIM_IC_CaptureCallback               0x08003559   Thumb Code     2  stm32f4xx_hal_tim.o(i.HAL_TIM_IC_CaptureCallback)
    HAL_TIM_IRQHandler                       0x0800355b   Thumb Code   364  stm32f4xx_hal_tim.o(i.HAL_TIM_IRQHandler)
    HAL_TIM_MspPostInit                      0x080036c9   Thumb Code   152  tim.o(i.HAL_TIM_MspPostInit)
    HAL_TIM_OC_DelayElapsedCallback          0x0800376d   Thumb Code     2  stm32f4xx_hal_tim.o(i.HAL_TIM_OC_DelayElapsedCallback)
    HAL_TIM_PWM_ConfigChannel                0x0800376f   Thumb Code   260  stm32f4xx_hal_tim.o(i.HAL_TIM_PWM_ConfigChannel)
    HAL_TIM_PWM_Init                         0x08003873   Thumb Code   102  stm32f4xx_hal_tim.o(i.HAL_TIM_PWM_Init)
    HAL_TIM_PWM_MspInit                      0x080038d9   Thumb Code     2  stm32f4xx_hal_tim.o(i.HAL_TIM_PWM_MspInit)
    HAL_TIM_PWM_PulseFinishedCallback        0x080038db   Thumb Code     2  stm32f4xx_hal_tim.o(i.HAL_TIM_PWM_PulseFinishedCallback)
    HAL_TIM_PWM_Start                        0x080038dd   Thumb Code   238  stm32f4xx_hal_tim.o(i.HAL_TIM_PWM_Start)
    HAL_TIM_PeriodElapsedCallback            0x080039e9   Thumb Code    18  main.o(i.HAL_TIM_PeriodElapsedCallback)
    HAL_TIM_TriggerCallback                  0x08003a01   Thumb Code     2  stm32f4xx_hal_tim.o(i.HAL_TIM_TriggerCallback)
    HAL_UARTEx_ReceiveToIdle_DMA             0x08003a03   Thumb Code   112  stm32f4xx_hal_uart.o(i.HAL_UARTEx_ReceiveToIdle_DMA)
    HAL_UARTEx_RxEventCallback               0x08003a73   Thumb Code     2  stm32f4xx_hal_uart.o(i.HAL_UARTEx_RxEventCallback)
    HAL_UART_ErrorCallback                   0x08003a75   Thumb Code    96  error_handle.o(i.HAL_UART_ErrorCallback)
    HAL_UART_IRQHandler                      0x08003aed   Thumb Code   772  stm32f4xx_hal_uart.o(i.HAL_UART_IRQHandler)
    HAL_UART_Init                            0x08003df5   Thumb Code   118  stm32f4xx_hal_uart.o(i.HAL_UART_Init)
    HAL_UART_MspInit                         0x08003e6d   Thumb Code  1660  usart.o(i.HAL_UART_MspInit)
    HAL_UART_RxCpltCallback                  0x08004519   Thumb Code     2  stm32f4xx_hal_uart.o(i.HAL_UART_RxCpltCallback)
    HAL_UART_RxHalfCpltCallback              0x0800451b   Thumb Code     2  stm32f4xx_hal_uart.o(i.HAL_UART_RxHalfCpltCallback)
    HAL_UART_Transmit                        0x0800451d   Thumb Code   190  stm32f4xx_hal_uart.o(i.HAL_UART_Transmit)
    HAL_UART_Transmit_DMA                    0x080045dd   Thumb Code   144  stm32f4xx_hal_uart.o(i.HAL_UART_Transmit_DMA)
    HAL_UART_TxCpltCallback                  0x08004679   Thumb Code    84  module_uart.o(i.HAL_UART_TxCpltCallback)
    HAL_UART_TxHalfCpltCallback              0x080046e5   Thumb Code     2  stm32f4xx_hal_uart.o(i.HAL_UART_TxHalfCpltCallback)
    HardFault_Handler                        0x080046e7   Thumb Code     4  stm32f4xx_it.o(i.HardFault_Handler)
    I2c_Init                                 0x080046ed   Thumb Code    24  sht_iic_hal.o(i.I2c_Init)
    I2c_ReadByte                             0x08004709   Thumb Code   178  sht_iic_hal.o(i.I2c_ReadByte)
    I2c_StartCondition                       0x080047c1   Thumb Code    68  sht_iic_hal.o(i.I2c_StartCondition)
    I2c_StopCondition                        0x08004809   Thumb Code    68  sht_iic_hal.o(i.I2c_StopCondition)
    I2c_WriteByte                            0x08004885   Thumb Code   140  sht_iic_hal.o(i.I2c_WriteByte)
    InvertUint16                             0x08004915   Thumb Code    42  crc16_lib.o(i.InvertUint16)
    InvertUint8                              0x0800493f   Thumb Code    42  crc16_lib.o(i.InvertUint8)
    LED_Ctrl                                 0x08004969   Thumb Code   340  module_led.o(i.LED_Ctrl)
    LED_Init                                 0x08004ad1   Thumb Code   116  module_led.o(i.LED_Init)
    MX_ADC1_Init                             0x08004b51   Thumb Code   100  adc.o(i.MX_ADC1_Init)
    MX_CAN1_Init                             0x08004bc1   Thumb Code    58  can.o(i.MX_CAN1_Init)
    MX_DMA_Init                              0x08004c05   Thumb Code   258  dma.o(i.MX_DMA_Init)
    MX_FREERTOS_Init                         0x08004d0d   Thumb Code   194  freertos.o(i.MX_FREERTOS_Init)
    MX_GPIO_Init                             0x08004e71   Thumb Code   324  gpio.o(i.MX_GPIO_Init)
    MX_TIM2_Init                             0x08004fc5   Thumb Code   204  tim.o(i.MX_TIM2_Init)
    MX_TIM3_Init                             0x08005095   Thumb Code   158  tim.o(i.MX_TIM3_Init)
    MX_UART4_Init                            0x0800513d   Thumb Code    46  usart.o(i.MX_UART4_Init)
    MX_UART5_Init                            0x08005175   Thumb Code    46  usart.o(i.MX_UART5_Init)
    MX_USART1_UART_Init                      0x080051ad   Thumb Code    46  usart.o(i.MX_USART1_UART_Init)
    MX_USART2_UART_Init                      0x080051e5   Thumb Code    46  usart.o(i.MX_USART2_UART_Init)
    MX_USART3_UART_Init                      0x0800521d   Thumb Code    46  usart.o(i.MX_USART3_UART_Init)
    MX_USART6_UART_Init                      0x08005255   Thumb Code    46  usart.o(i.MX_USART6_UART_Init)
    Manual_H_Ctrl                            0x0800528d   Thumb Code   176  module_prop.o(i.Manual_H_Ctrl)
    Manual_V_Ctrl                            0x0800534d   Thumb Code   124  module_prop.o(i.Manual_V_Ctrl)
    MemManage_Handler                        0x080053dd   Thumb Code     4  stm32f4xx_it.o(i.MemManage_Handler)
    Motor_SetSpeed                           0x080053e1   Thumb Code    78  module_485_prop.o(i.Motor_SetSpeed)
    NMI_Handler                              0x08005439   Thumb Code     4  stm32f4xx_it.o(i.NMI_Handler)
    PWM_Ctrl                                 0x0800543d   Thumb Code    24  freertos.o(i.PWM_Ctrl)
    Press_DataPro                            0x08005459   Thumb Code   506  rov_pressure_sensor.o(i.Press_DataPro)
    Prop_Apply_Horizontal                    0x0800567d   Thumb Code    78  module_prop.o(i.Prop_Apply_Horizontal)
    Prop_Apply_Vertical                      0x080056d1   Thumb Code    78  module_prop.o(i.Prop_Apply_Vertical)
    ROV_FeedbackData                         0x0800572d   Thumb Code   626  maincommunicate.o(i.ROV_FeedbackData)
    ROV_Press_Init                           0x080059d1   Thumb Code   110  rov_pressure_sensor.o(i.ROV_Press_Init)
    ROV_ReceiveData                          0x08005a49   Thumb Code   366  maincommunicate.o(i.ROV_ReceiveData)
    SHT3X_Init                               0x08005c8b   Thumb Code    16  rov_t&h_sensor.o(i.SHT3X_Init)
    SHT3X_ReadMeasurementBuffer              0x08005cf3   Thumb Code    94  rov_t&h_sensor.o(i.SHT3X_ReadMeasurementBuffer)
    SHT3X_ReadStatus                         0x08005d51   Thumb Code    52  rov_t&h_sensor.o(i.SHT3X_ReadStatus)
    SHT3X_SetI2cAdr                          0x08005d85   Thumb Code     6  rov_t&h_sensor.o(i.SHT3X_SetI2cAdr)
    SHT3X_SoftReset                          0x08005d91   Thumb Code    36  rov_t&h_sensor.o(i.SHT3X_SoftReset)
    SHT3X_StartPeriodicMeasurment            0x08005db5   Thumb Code   300  rov_t&h_sensor.o(i.SHT3X_StartPeriodicMeasurment)
    Standby_Callback                         0x08005f5d   Thumb Code    68  freertos.o(i.Standby_Callback)
    StartDefaultTask                         0x08005fb1   Thumb Code    10  freertos.o(i.StartDefaultTask)
    SysTick_Handler                          0x08005fbb   Thumb Code    22  cmsis_os2.o(i.SysTick_Handler)
    SystemClock_Config                       0x08005fd1   Thumb Code   170  main.o(i.SystemClock_Config)
    SystemInit                               0x08006085   Thumb Code    14  system_stm32f4xx.o(i.SystemInit)
    TIM7_IRQHandler                          0x08006099   Thumb Code    10  stm32f4xx_it.o(i.TIM7_IRQHandler)
    TIM_Base_SetConfig                       0x080060a9   Thumb Code   178  stm32f4xx_hal_tim.o(i.TIM_Base_SetConfig)
    TIM_CCxChannelCmd                        0x08006189   Thumb Code    34  stm32f4xx_hal_tim.o(i.TIM_CCxChannelCmd)
    TIM_ETR_SetConfig                        0x080061ab   Thumb Code    22  stm32f4xx_hal_tim.o(i.TIM_ETR_SetConfig)
    TIM_OC2_SetConfig                        0x08006245   Thumb Code   114  stm32f4xx_hal_tim.o(i.TIM_OC2_SetConfig)
    UART4_IRQHandler                         0x080063f1   Thumb Code    16  stm32f4xx_it.o(i.UART4_IRQHandler)
    UART5_IRQHandler                         0x08006405   Thumb Code    16  stm32f4xx_it.o(i.UART5_IRQHandler)
    UART_Start_Receive_DMA                   0x08006995   Thumb Code   202  stm32f4xx_hal_uart.o(i.UART_Start_Receive_DMA)
    USART1_IRQHandler                        0x08006bb9   Thumb Code    16  stm32f4xx_it.o(i.USART1_IRQHandler)
    USART2_IRQHandler                        0x08006bcd   Thumb Code    16  stm32f4xx_it.o(i.USART2_IRQHandler)
    USART3_IRQHandler                        0x08006be1   Thumb Code    16  stm32f4xx_it.o(i.USART3_IRQHandler)
    USART6_IRQHandler                        0x08006bf5   Thumb Code    16  stm32f4xx_it.o(i.USART6_IRQHandler)
    USER_UART_IdleCpltCallback               0x08006c09   Thumb Code   334  module_uart.o(i.USER_UART_IdleCpltCallback)
    UsageFault_Handler                       0x08006d7d   Thumb Code     4  stm32f4xx_it.o(i.UsageFault_Handler)
    User_UART_Init                           0x08006d81   Thumb Code   144  module_uart.o(i.User_UART_Init)
    WriteReg                                 0x08006e15   Thumb Code   322  module_485_prop.o(i.WriteReg)
    __scatterload_copy                       0x08006fab   Thumb Code    14  handlers.o(i.__scatterload_copy)
    __scatterload_null                       0x08006fb9   Thumb Code     2  handlers.o(i.__scatterload_null)
    __scatterload_zeroinit                   0x08006fbb   Thumb Code    14  handlers.o(i.__scatterload_zeroinit)
    main                                     0x08006fc9   Thumb Code    72  main.o(i.main)
    osDelay                                  0x08007011   Thumb Code    30  cmsis_os2.o(i.osDelay)
    osKernelInitialize                       0x08007031   Thumb Code    38  cmsis_os2.o(i.osKernelInitialize)
    osKernelStart                            0x0800705d   Thumb Code    82  cmsis_os2.o(i.osKernelStart)
    osMutexAcquire                           0x080070bd   Thumb Code    98  cmsis_os2.o(i.osMutexAcquire)
    osMutexNew                               0x0800711f   Thumb Code   178  cmsis_os2.o(i.osMutexNew)
    osMutexRelease                           0x080071d1   Thumb Code    78  cmsis_os2.o(i.osMutexRelease)
    osThreadNew                              0x0800721f   Thumb Code   184  cmsis_os2.o(i.osThreadNew)
    osTimerNew                               0x080072d9   Thumb Code   182  cmsis_os2.o(i.osTimerNew)
    osTimerStart                             0x08007395   Thumb Code    60  cmsis_os2.o(i.osTimerStart)
    pvPortMalloc                             0x08007e81   Thumb Code   306  heap_4.o(i.pvPortMalloc)
    pvTaskIncrementMutexHeldCount            0x08007fcd   Thumb Code    26  tasks.o(i.pvTaskIncrementMutexHeldCount)
    pvTimerGetTimerID                        0x08007fed   Thumb Code    44  timers.o(i.pvTimerGetTimerID)
    pxPortInitialiseStack                    0x08008019   Thumb Code    38  port.o(i.pxPortInitialiseStack)
    ulTaskNotifyTake                         0x08008045   Thumb Code   108  tasks.o(i.ulTaskNotifyTake)
    uxListRemove                             0x080080b9   Thumb Code    40  list.o(i.uxListRemove)
    vApplicationGetIdleTaskMemory            0x080080e1   Thumb Code    14  cmsis_os2.o(i.vApplicationGetIdleTaskMemory)
    vApplicationGetTimerTaskMemory           0x080080f9   Thumb Code    16  cmsis_os2.o(i.vApplicationGetTimerTaskMemory)
    vListInitialise                          0x08008111   Thumb Code    26  list.o(i.vListInitialise)
    vListInitialiseItem                      0x0800812b   Thumb Code     6  list.o(i.vListInitialiseItem)
    vListInsert                              0x08008131   Thumb Code    52  list.o(i.vListInsert)
    vListInsertEnd                           0x08008165   Thumb Code    24  list.o(i.vListInsertEnd)
    vPortEnterCritical                       0x0800817d   Thumb Code    76  port.o(i.vPortEnterCritical)
    vPortExitCritical                        0x080081d1   Thumb Code    56  port.o(i.vPortExitCritical)
    vPortFree                                0x0800820d   Thumb Code   150  heap_4.o(i.vPortFree)
    vPortSetupTimerInterrupt                 0x080082b1   Thumb Code    36  port.o(i.vPortSetupTimerInterrupt)
    vPortValidateInterruptPriority           0x080082d9   Thumb Code   106  port.o(i.vPortValidateInterruptPriority)
    vQueueAddToRegistry                      0x08008351   Thumb Code    38  queue.o(i.vQueueAddToRegistry)
    vQueueWaitForMessageRestricted           0x0800837d   Thumb Code    74  queue.o(i.vQueueWaitForMessageRestricted)
    vTaskDelay                               0x080083c9   Thumb Code    82  tasks.o(i.vTaskDelay)
    vTaskDelayUntil                          0x08008425   Thumb Code   200  tasks.o(i.vTaskDelayUntil)
    vTaskDelete                              0x080084f9   Thumb Code   168  tasks.o(i.vTaskDelete)
    vTaskInternalSetTimeOutState             0x080085c1   Thumb Code    14  tasks.o(i.vTaskInternalSetTimeOutState)
    vTaskMissedYield                         0x080085d9   Thumb Code     8  tasks.o(i.vTaskMissedYield)
    vTaskPlaceOnEventList                    0x080085e5   Thumb Code    52  tasks.o(i.vTaskPlaceOnEventList)
    vTaskPlaceOnEventListRestricted          0x0800861d   Thumb Code    60  tasks.o(i.vTaskPlaceOnEventListRestricted)
    vTaskPriorityDisinheritAfterTimeout      0x0800865d   Thumb Code   194  tasks.o(i.vTaskPriorityDisinheritAfterTimeout)
    vTaskStartScheduler                      0x0800872d   Thumb Code   156  tasks.o(i.vTaskStartScheduler)
    vTaskSuspendAll                          0x080087e5   Thumb Code    12  tasks.o(i.vTaskSuspendAll)
    vTaskSwitchContext                       0x080087f5   Thumb Code   122  tasks.o(i.vTaskSwitchContext)
    xPortStartScheduler                      0x08008885   Thumb Code   330  port.o(i.xPortStartScheduler)
    xPortSysTickHandler                      0x080089ed   Thumb Code    46  port.o(i.xPortSysTickHandler)
    xQueueCreateMutex                        0x08008a21   Thumb Code    34  queue.o(i.xQueueCreateMutex)
    xQueueCreateMutexStatic                  0x08008a43   Thumb Code    42  queue.o(i.xQueueCreateMutexStatic)
    xQueueGenericCreate                      0x08008a6d   Thumb Code    90  queue.o(i.xQueueGenericCreate)
    xQueueGenericCreateStatic                0x08008ac7   Thumb Code   224  queue.o(i.xQueueGenericCreateStatic)
    xQueueGenericReset                       0x08008ba9   Thumb Code   146  queue.o(i.xQueueGenericReset)
    xQueueGenericSend                        0x08008c41   Thumb Code   420  queue.o(i.xQueueGenericSend)
    xQueueGenericSendFromISR                 0x08008de9   Thumb Code   252  queue.o(i.xQueueGenericSendFromISR)
    xQueueGiveMutexRecursive                 0x08008ee5   Thumb Code    72  queue.o(i.xQueueGiveMutexRecursive)
    xQueueReceive                            0x08008f2d   Thumb Code   356  queue.o(i.xQueueReceive)
    xQueueSemaphoreTake                      0x08009095   Thumb Code   434  queue.o(i.xQueueSemaphoreTake)
    xQueueTakeMutexRecursive                 0x0800924d   Thumb Code    78  queue.o(i.xQueueTakeMutexRecursive)
    xTaskCheckForTimeOut                     0x0800929d   Thumb Code   132  tasks.o(i.xTaskCheckForTimeOut)
    xTaskCreate                              0x08009329   Thumb Code   100  tasks.o(i.xTaskCreate)
    xTaskCreateStatic                        0x0800938d   Thumb Code   186  tasks.o(i.xTaskCreateStatic)
    xTaskGenericNotify                       0x08009449   Thumb Code   278  tasks.o(i.xTaskGenericNotify)
    xTaskGetCurrentTaskHandle                0x08009571   Thumb Code     6  tasks.o(i.xTaskGetCurrentTaskHandle)
    xTaskGetSchedulerState                   0x0800957d   Thumb Code    24  tasks.o(i.xTaskGetSchedulerState)
    xTaskGetTickCount                        0x0800959d   Thumb Code     6  tasks.o(i.xTaskGetTickCount)
    xTaskIncrementTick                       0x080095a9   Thumb Code   280  tasks.o(i.xTaskIncrementTick)
    xTaskPriorityDisinherit                  0x080096ed   Thumb Code   152  tasks.o(i.xTaskPriorityDisinherit)
    xTaskPriorityInherit                     0x08009791   Thumb Code   150  tasks.o(i.xTaskPriorityInherit)
    xTaskRemoveFromEventList                 0x08009835   Thumb Code   126  tasks.o(i.xTaskRemoveFromEventList)
    xTaskResumeAll                           0x080098cd   Thumb Code   222  tasks.o(i.xTaskResumeAll)
    xTimerCreate                             0x080099d1   Thumb Code    54  timers.o(i.xTimerCreate)
    xTimerCreateStatic                       0x08009a07   Thumb Code   114  timers.o(i.xTimerCreateStatic)
    xTimerCreateTimerTask                    0x08009a79   Thumb Code   100  timers.o(i.xTimerCreateTimerTask)
    xTimerGenericCommand                     0x08009af1   Thumb Code   128  timers.o(i.xTimerGenericCommand)
    defaultTask_attributes                   0x08009b74   Data          36  freertos.o(.constdata)
    CAN1_Propel_TasK_attributes              0x08009b98   Data          36  freertos.o(.constdata)
    ROV_Feedback_Task_attributes             0x08009bbc   Data          36  freertos.o(.constdata)
    ROV_Receive_Task_attributes              0x08009be0   Data          36  freertos.o(.constdata)
    Init_Task_attributes                     0x08009c04   Data          36  freertos.o(.constdata)
    Cabin_Env_Data_Task_attributes           0x08009c28   Data          36  freertos.o(.constdata)
    PWM_Task_attributes                      0x08009c4c   Data          36  freertos.o(.constdata)
    Press_Data_Task_attributes               0x08009c70   Data          36  freertos.o(.constdata)
    Compass_Data_Task_attributes             0x08009c94   Data          36  freertos.o(.constdata)
    RS485_Propel_Tx_Task_attributes          0x08009cb8   Data          36  freertos.o(.constdata)
    RS485_Propel_Rx_Task_attributes          0x08009cdc   Data          36  freertos.o(.constdata)
    Manual_V_Task_attributes                 0x08009d00   Data          36  freertos.o(.constdata)
    Manual_H_Task_attributes                 0x08009d24   Data          36  freertos.o(.constdata)
    Auto_V_Task_attributes                   0x08009d48   Data          36  freertos.o(.constdata)
    Auto_H_Task_attributes                   0x08009d6c   Data          36  freertos.o(.constdata)
    Enc_Data_Task_attributes                 0x08009d90   Data          36  freertos.o(.constdata)
    Timer_Standby_attributes                 0x08009db4   Data          16  freertos.o(.constdata)
    Vertical_Mutex_attributes                0x08009dc4   Data          16  freertos.o(.constdata)
    Horizontal_Mutex_attributes              0x08009dd4   Data          16  freertos.o(.constdata)
    AHBPrescTable                            0x08009dec   Data          16  system_stm32f4xx.o(.constdata)
    APBPrescTable                            0x08009dfc   Data           8  system_stm32f4xx.o(.constdata)
    Region$$Table$$Base                      0x08009fdc   Number         0  anon$$obj.o(Region$$Table)
    Region$$Table$$Limit                     0x08009ffc   Number         0  anon$$obj.o(Region$$Table)
    defaultTaskHandle                        0x20000000   Data           4  freertos.o(.data)
    CAN1_Propel_TasKHandle                   0x20000004   Data           4  freertos.o(.data)
    ROV_Feedback_TaskHandle                  0x20000008   Data           4  freertos.o(.data)
    ROV_Receive_TaskHandle                   0x2000000c   Data           4  freertos.o(.data)
    Init_TaskHandle                          0x20000010   Data           4  freertos.o(.data)
    Cabin_Env_Data_TaskHandle                0x20000014   Data           4  freertos.o(.data)
    PWM_TaskHandle                           0x20000018   Data           4  freertos.o(.data)
    Press_Data_TaskHandle                    0x2000001c   Data           4  freertos.o(.data)
    Compass_Data_TaskHandle                  0x20000020   Data           4  freertos.o(.data)
    RS485_Propel_Tx_TaskHandle               0x20000024   Data           4  freertos.o(.data)
    RS485_Propel_Rx_TaskHandle               0x20000028   Data           4  freertos.o(.data)
    Manual_V_TaskHandle                      0x2000002c   Data           4  freertos.o(.data)
    Manual_H_TaskHandle                      0x20000030   Data           4  freertos.o(.data)
    Auto_V_TaskHandle                        0x20000034   Data           4  freertos.o(.data)
    Auto_H_TaskHandle                        0x20000038   Data           4  freertos.o(.data)
    Enc_Data_TaskHandle                      0x2000003c   Data           4  freertos.o(.data)
    Timer_StandbyHandle                      0x20000040   Data           4  freertos.o(.data)
    Vertical_MutexHandle                     0x20000044   Data           4  freertos.o(.data)
    Horizontal_MutexHandle                   0x20000048   Data           4  freertos.o(.data)
    uwTick                                   0x20000054   Data           4  stm32f4xx_hal.o(.data)
    uwTickPrio                               0x20000058   Data           4  stm32f4xx_hal.o(.data)
    uwTickFreq                               0x2000005c   Data           1  stm32f4xx_hal.o(.data)
    SystemCoreClock                          0x20000060   Data           4  system_stm32f4xx.o(.data)
    pxCurrentTCB                             0x20000064   Data           4  tasks.o(.data)
    Focalize                                 0x200000e4   Data           2  maincommunicate.o(.data)
    Comm_Flag                                0x200000e6   Data           1  maincommunicate.o(.data)
    RS485_Mode                               0x200000ec   Data           1  module_uart.o(.data)
    JoyStick                                 0x200000ee   Data           8  module_uart.o(.data)
    UsartPort                                0x200000f8   Data        1584  module_uart.o(.data)
    test                                     0x20000728   Data           1  module_uart.o(.data)
    ADC_Value                                0x2000072c   Data           2  rov_airpressure_sensor.o(.data)
    PRE                                      0x20000730   Data           4  rov_airpressure_sensor.o(.data)
    Prop_Infor                               0x2000073c   Data          56  module_prop.o(.data)
    pid_kp                                   0x20000784   Data          16  module_pid.o(.data)
    pid_ki                                   0x20000794   Data          16  module_pid.o(.data)
    pid_kd                                   0x200007a4   Data          16  module_pid.o(.data)
    out_sqrt_gate                            0x200007c0   Data           1  module_pid.o(.data)
    Ctl_Mode                                 0x200007c1   Data           4  module_pid.o(.data)
    OUT_Mode                                 0x200007c5   Data           4  module_pid.o(.data)
    sg_maxpow                                0x200007c9   Data           1  module_pid.o(.data)
    sg_step                                  0x200007ca   Data           1  module_pid.o(.data)
    sg_kp_bs                                 0x200007cc   Data           4  module_pid.o(.data)
    sg_kd_bs                                 0x200007d0   Data           4  module_pid.o(.data)
    sg_ki_bs                                 0x200007d4   Data           4  module_pid.o(.data)
    Horizontal_Prop_ID                       0x200007dc   Data           4  module_485_prop.o(.data)
    Vertical_Prop_ID                         0x200007e4   Data           4  module_can_prop.o(.data)
    hadc1                                    0x200007f4   Data          72  adc.o(.bss)
    hcan1                                    0x2000083c   Data          40  can.o(.bss)
    htim2                                    0x20000864   Data          72  tim.o(.bss)
    htim3                                    0x200008ac   Data          72  tim.o(.bss)
    huart4                                   0x200008f4   Data          72  usart.o(.bss)
    huart5                                   0x2000093c   Data          72  usart.o(.bss)
    huart1                                   0x20000984   Data          72  usart.o(.bss)
    huart2                                   0x200009cc   Data          72  usart.o(.bss)
    huart3                                   0x20000a14   Data          72  usart.o(.bss)
    huart6                                   0x20000a5c   Data          72  usart.o(.bss)
    hdma_uart4_rx                            0x20000aa4   Data          96  usart.o(.bss)
    hdma_uart4_tx                            0x20000b04   Data          96  usart.o(.bss)
    hdma_uart5_tx                            0x20000b64   Data          96  usart.o(.bss)
    hdma_uart5_rx                            0x20000bc4   Data          96  usart.o(.bss)
    hdma_usart1_rx                           0x20000c24   Data          96  usart.o(.bss)
    hdma_usart1_tx                           0x20000c84   Data          96  usart.o(.bss)
    hdma_usart2_rx                           0x20000ce4   Data          96  usart.o(.bss)
    hdma_usart2_tx                           0x20000d44   Data          96  usart.o(.bss)
    hdma_usart3_rx                           0x20000da4   Data          96  usart.o(.bss)
    hdma_usart3_tx                           0x20000e04   Data          96  usart.o(.bss)
    hdma_usart6_rx                           0x20000e64   Data          96  usart.o(.bss)
    hdma_usart6_tx                           0x20000ec4   Data          96  usart.o(.bss)
    htim7                                    0x20000f24   Data          72  stm32f4xx_hal_timebase_tim.o(.bss)
    xQueueRegistry                           0x20000f6c   Data          64  queue.o(.bss)
    BatteryCabin                             0x20005850   Data          10  maincommunicate.o(.bss)
    feedback_data                            0x2000585a   Data         128  maincommunicate.o(.bss)
    hSHT30                                   0x200058dc   Data          24  rov_t&h_sensor.o(.bss)
    LED                                      0x200058f4   Data          22  module_led.o(.bss)
    Attitude_Data                            0x2000590c   Data          16  module_compass.o(.bss)
    ROV_Press                                0x2000591c   Data          92  rov_pressure_sensor.o(.bss)
    hAuto                                    0x20005978   Data         288  module_pid.o(.bss)
    pid_db                                   0x20005a98   Data          16  module_pid.o(.bss)
    pid_buf                                  0x20005aa8   Data          12  module_pid.o(.bss)
    RS485_Prop                               0x20005ab4   Data          48  module_485_prop.o(.bss)
    CAN_Prop                                 0x20005b38   Data          96  module_can_prop.o(.bss)
    ROV_Encoder                              0x20005b98   Data          10  module_encoder.o(.bss)
    __initial_sp                             0x20005fa8   Data           0  startup_stm32f407xx.o(STACK)



==============================================================================

Memory Map of the image

  Image Entry point : 0x08000189

  Load Region LR_IROM1 (Base: 0x08000000, Size: 0x0000a7f0, Max: 0x00080000, ABSOLUTE, COMPRESSED[0x0000a080])

    Execution Region ER_IROM1 (Exec base: 0x08000000, Load base: 0x08000000, Size: 0x00009ffc, Max: 0x00080000, ABSOLUTE)

    Exec Addr    Load Addr    Size         Type   Attr      Idx    E Section Name        Object

    0x08000000   0x08000000   0x00000188   Data   RO            3    RESET               startup_stm32f407xx.o
    0x08000188   0x08000188   0x00000000   Code   RO         6953  * .ARM.Collect$$$$00000000  mc_w.l(entry.o)
    0x08000188   0x08000188   0x00000004   Code   RO         6976    .ARM.Collect$$$$00000001  mc_w.l(entry2.o)
    0x0800018c   0x0800018c   0x00000004   Code   RO         6979    .ARM.Collect$$$$00000004  mc_w.l(entry5.o)
    0x08000190   0x08000190   0x00000000   Code   RO         6981    .ARM.Collect$$$$00000008  mc_w.l(entry7b.o)
    0x08000190   0x08000190   0x00000000   Code   RO         6983    .ARM.Collect$$$$0000000A  mc_w.l(entry8b.o)
    0x08000190   0x08000190   0x00000008   Code   RO         6984    .ARM.Collect$$$$0000000B  mc_w.l(entry9a.o)
    0x08000198   0x08000198   0x00000000   Code   RO         6986    .ARM.Collect$$$$0000000D  mc_w.l(entry10a.o)
    0x08000198   0x08000198   0x00000000   Code   RO         6988    .ARM.Collect$$$$0000000F  mc_w.l(entry11a.o)
    0x08000198   0x08000198   0x00000004   Code   RO         6977    .ARM.Collect$$$$00002712  mc_w.l(entry2.o)
    0x0800019c   0x0800019c   0x000000be   Code   RO         5853    .emb_text           port.o
    0x0800025a   0x0800025a   0x00000002   PAD
    0x0800025c   0x0800025c   0x00000024   Code   RO            4    .text               startup_stm32f407xx.o
    0x08000280   0x08000280   0x00000062   Code   RO         6956    .text               mc_w.l(uldiv.o)
    0x080002e2   0x080002e2   0x00000024   Code   RO         6958    .text               mc_w.l(memcpya.o)
    0x08000306   0x08000306   0x00000024   Code   RO         6962    .text               mc_w.l(memseta.o)
    0x0800032a   0x0800032a   0x0000014e   Code   RO         6966    .text               mf_w.l(dadd.o)
    0x08000478   0x08000478   0x000000e4   Code   RO         6968    .text               mf_w.l(dmul.o)
    0x0800055c   0x0800055c   0x0000001a   Code   RO         6970    .text               mf_w.l(dfltui.o)
    0x08000576   0x08000576   0x00000026   Code   RO         6972    .text               mf_w.l(f2d.o)
    0x0800059c   0x0800059c   0x00000038   Code   RO         6974    .text               mf_w.l(d2f.o)
    0x080005d4   0x080005d4   0x0000001e   Code   RO         6990    .text               mc_w.l(llshl.o)
    0x080005f2   0x080005f2   0x00000020   Code   RO         6992    .text               mc_w.l(llushr.o)
    0x08000612   0x08000612   0x00000024   Code   RO         6994    .text               mc_w.l(llsshr.o)
    0x08000636   0x08000636   0x00000000   Code   RO         7003    .text               mc_w.l(iusefp.o)
    0x08000636   0x08000636   0x0000006e   Code   RO         7004    .text               mf_w.l(fepilogue.o)
    0x080006a4   0x080006a4   0x000000ba   Code   RO         7006    .text               mf_w.l(depilogue.o)
    0x0800075e   0x0800075e   0x00000002   PAD
    0x08000760   0x08000760   0x00000024   Code   RO         7012    .text               mc_w.l(init.o)
    0x08000784   0x08000784   0x00000056   Code   RO         7022    .text               mc_w.l(__dczerorl2.o)
    0x080007da   0x080007da   0x00000002   PAD
    0x080007dc   0x080007dc   0x00000160   Code   RO         1973    i.ADC_Init          stm32f4xx_hal_adc.o
    0x0800093c   0x0800093c   0x00000038   Code   RO         6483    i.AD_GetValue       rov_airpressure_sensor.o
    0x08000974   0x08000974   0x0000016c   Code   RO         6656    i.AutoParameter_Init  module_pid.o
    0x08000ae0   0x08000ae0   0x0000000e   Code   RO         6441    i.BCD2DEC           module_compass.o
    0x08000aee   0x08000aee   0x00000004   Code   RO          745    i.BusFault_Handler  stm32f4xx_it.o
    0x08000af2   0x08000af2   0x00000002   PAD
    0x08000af4   0x08000af4   0x00000010   Code   RO          746    i.CAN1_RX0_IRQHandler  stm32f4xx_it.o
    0x08000b04   0x08000b04   0x000000c8   Code   RO         6831    i.CAN1_SendData     module_can_prop.o
    0x08000bcc   0x08000bcc   0x00000080   Code   RO         6832    i.CAN_Config        module_can_prop.o
    0x08000c4c   0x08000c4c   0x000000a4   Code   RO         6833    i.CAN_Data_Pro      module_can_prop.o
    0x08000cf0   0x08000cf0   0x00000074   Code   RO         6834    i.CAN_Prop_Init     module_can_prop.o
    0x08000d64   0x08000d64   0x00000078   Code   RO         5934    i.CRC16_MODBUS      crc16_lib.o
    0x08000ddc   0x08000ddc   0x00000078   Code   RO         6835    i.Can_Prop_Send     module_can_prop.o
    0x08000e54   0x08000e54   0x00000016   Code   RO         6579    i.Clamp             module_prop.o
    0x08000e6a   0x08000e6a   0x00000002   PAD
    0x08000e6c   0x08000e6c   0x000001cc   Code   RO         6442    i.Compass_GetData   module_compass.o
    0x08001038   0x08001038   0x0000007c   Code   RO         6443    i.Compass_Init      module_compass.o
    0x080010b4   0x080010b4   0x00000030   Code   RO          438    i.ControlCabin_GetData  freertos.o
    0x080010e4   0x080010e4   0x00000010   Code   RO          747    i.DMA1_Stream0_IRQHandler  stm32f4xx_it.o
    0x080010f4   0x080010f4   0x00000010   Code   RO          748    i.DMA1_Stream1_IRQHandler  stm32f4xx_it.o
    0x08001104   0x08001104   0x00000010   Code   RO          749    i.DMA1_Stream2_IRQHandler  stm32f4xx_it.o
    0x08001114   0x08001114   0x00000010   Code   RO          750    i.DMA1_Stream3_IRQHandler  stm32f4xx_it.o
    0x08001124   0x08001124   0x00000010   Code   RO          751    i.DMA1_Stream4_IRQHandler  stm32f4xx_it.o
    0x08001134   0x08001134   0x00000010   Code   RO          752    i.DMA1_Stream5_IRQHandler  stm32f4xx_it.o
    0x08001144   0x08001144   0x00000010   Code   RO          753    i.DMA1_Stream6_IRQHandler  stm32f4xx_it.o
    0x08001154   0x08001154   0x00000010   Code   RO          754    i.DMA1_Stream7_IRQHandler  stm32f4xx_it.o
    0x08001164   0x08001164   0x00000010   Code   RO          755    i.DMA2_Stream1_IRQHandler  stm32f4xx_it.o
    0x08001174   0x08001174   0x00000010   Code   RO          756    i.DMA2_Stream2_IRQHandler  stm32f4xx_it.o
    0x08001184   0x08001184   0x00000010   Code   RO          757    i.DMA2_Stream6_IRQHandler  stm32f4xx_it.o
    0x08001194   0x08001194   0x00000010   Code   RO          758    i.DMA2_Stream7_IRQHandler  stm32f4xx_it.o
    0x080011a4   0x080011a4   0x00000034   Code   RO         2752    i.DMA_CalcBaseAndBitshift  stm32f4xx_hal_dma.o
    0x080011d8   0x080011d8   0x000000aa   Code   RO         2753    i.DMA_CheckFifoParam  stm32f4xx_hal_dma.o
    0x08001282   0x08001282   0x0000002c   Code   RO         2754    i.DMA_SetConfig     stm32f4xx_hal_dma.o
    0x080012ae   0x080012ae   0x00000002   Code   RO          759    i.DebugMon_Handler  stm32f4xx_it.o
    0x080012b0   0x080012b0   0x00000020   Code   RO         6194    i.DelayMicroSeconds  sht_system.o
    0x080012d0   0x080012d0   0x00000006   Code   RO           13    i.Error_Handler     main.o
    0x080012d6   0x080012d6   0x0000006a   Code   RO         6077    i.Frame_Align       module_uart.o
    0x08001340   0x08001340   0x00000078   Code   RO          439    i.Global_Init       freertos.o
    0x080013b8   0x080013b8   0x0000018c   Code   RO         1975    i.HAL_ADC_ConfigChannel  stm32f4xx_hal_adc.o
    0x08001544   0x08001544   0x00000006   Code   RO         1981    i.HAL_ADC_GetState  stm32f4xx_hal_adc.o
    0x0800154a   0x0800154a   0x00000008   Code   RO         1982    i.HAL_ADC_GetValue  stm32f4xx_hal_adc.o
    0x08001552   0x08001552   0x00000002   PAD
    0x08001554   0x08001554   0x00000068   Code   RO         1984    i.HAL_ADC_Init      stm32f4xx_hal_adc.o
    0x080015bc   0x080015bc   0x00000080   Code   RO          509    i.HAL_ADC_MspInit   adc.o
    0x0800163c   0x0800163c   0x000000ce   Code   RO         1988    i.HAL_ADC_PollForConversion  stm32f4xx_hal_adc.o
    0x0800170a   0x0800170a   0x00000002   PAD
    0x0800170c   0x0800170c   0x0000014c   Code   RO         1990    i.HAL_ADC_Start     stm32f4xx_hal_adc.o
    0x08001858   0x08001858   0x0000002a   Code   RO         3449    i.HAL_CAN_ActivateNotification  stm32f4xx_hal_can.o
    0x08001882   0x08001882   0x0000014a   Code   RO         3450    i.HAL_CAN_AddTxMessage  stm32f4xx_hal_can.o
    0x080019cc   0x080019cc   0x00000120   Code   RO         3451    i.HAL_CAN_ConfigFilter  stm32f4xx_hal_can.o
    0x08001aec   0x08001aec   0x00000002   Code   RO         3454    i.HAL_CAN_ErrorCallback  stm32f4xx_hal_can.o
    0x08001aee   0x08001aee   0x00000194   Code   RO         3457    i.HAL_CAN_GetRxMessage  stm32f4xx_hal_can.o
    0x08001c82   0x08001c82   0x00000036   Code   RO         3459    i.HAL_CAN_GetTxMailboxesFreeLevel  stm32f4xx_hal_can.o
    0x08001cb8   0x08001cb8   0x0000024e   Code   RO         3461    i.HAL_CAN_IRQHandler  stm32f4xx_hal_can.o
    0x08001f06   0x08001f06   0x00000174   Code   RO         3462    i.HAL_CAN_Init      stm32f4xx_hal_can.o
    0x0800207a   0x0800207a   0x00000002   PAD
    0x0800207c   0x0800207c   0x00000098   Code   RO          551    i.HAL_CAN_MspInit   can.o
    0x08002114   0x08002114   0x00000002   Code   RO         3469    i.HAL_CAN_RxFifo0FullCallback  stm32f4xx_hal_can.o
    0x08002116   0x08002116   0x00000002   PAD
    0x08002118   0x08002118   0x0000003c   Code   RO         6836    i.HAL_CAN_RxFifo0MsgPendingCallback  module_can_prop.o
    0x08002154   0x08002154   0x00000002   Code   RO         3471    i.HAL_CAN_RxFifo1FullCallback  stm32f4xx_hal_can.o
    0x08002156   0x08002156   0x00000002   Code   RO         3472    i.HAL_CAN_RxFifo1MsgPendingCallback  stm32f4xx_hal_can.o
    0x08002158   0x08002158   0x00000002   Code   RO         3473    i.HAL_CAN_SleepCallback  stm32f4xx_hal_can.o
    0x0800215a   0x0800215a   0x0000005e   Code   RO         3474    i.HAL_CAN_Start     stm32f4xx_hal_can.o
    0x080021b8   0x080021b8   0x00000002   Code   RO         3476    i.HAL_CAN_TxMailbox0AbortCallback  stm32f4xx_hal_can.o
    0x080021ba   0x080021ba   0x00000002   Code   RO         3477    i.HAL_CAN_TxMailbox0CompleteCallback  stm32f4xx_hal_can.o
    0x080021bc   0x080021bc   0x00000002   Code   RO         3478    i.HAL_CAN_TxMailbox1AbortCallback  stm32f4xx_hal_can.o
    0x080021be   0x080021be   0x00000002   Code   RO         3479    i.HAL_CAN_TxMailbox1CompleteCallback  stm32f4xx_hal_can.o
    0x080021c0   0x080021c0   0x00000002   Code   RO         3480    i.HAL_CAN_TxMailbox2AbortCallback  stm32f4xx_hal_can.o
    0x080021c2   0x080021c2   0x00000002   Code   RO         3481    i.HAL_CAN_TxMailbox2CompleteCallback  stm32f4xx_hal_can.o
    0x080021c4   0x080021c4   0x00000002   Code   RO         3483    i.HAL_CAN_WakeUpFromRxMsgCallback  stm32f4xx_hal_can.o
    0x080021c6   0x080021c6   0x000000ac   Code   RO         2755    i.HAL_DMA_Abort     stm32f4xx_hal_dma.o
    0x08002272   0x08002272   0x00000028   Code   RO         2756    i.HAL_DMA_Abort_IT  stm32f4xx_hal_dma.o
    0x0800229a   0x0800229a   0x00000002   PAD
    0x0800229c   0x0800229c   0x00000240   Code   RO         2760    i.HAL_DMA_IRQHandler  stm32f4xx_hal_dma.o
    0x080024dc   0x080024dc   0x000000ec   Code   RO         2761    i.HAL_DMA_Init      stm32f4xx_hal_dma.o
    0x080025c8   0x080025c8   0x00000092   Code   RO         2765    i.HAL_DMA_Start_IT  stm32f4xx_hal_dma.o
    0x0800265a   0x0800265a   0x00000002   PAD
    0x0800265c   0x0800265c   0x00000028   Code   RO         3197    i.HAL_Delay         stm32f4xx_hal.o
    0x08002684   0x08002684   0x000001f4   Code   RO         2648    i.HAL_GPIO_Init     stm32f4xx_hal_gpio.o
    0x08002878   0x08002878   0x00000010   Code   RO         2650    i.HAL_GPIO_ReadPin  stm32f4xx_hal_gpio.o
    0x08002888   0x08002888   0x0000000c   Code   RO         2652    i.HAL_GPIO_WritePin  stm32f4xx_hal_gpio.o
    0x08002894   0x08002894   0x0000000c   Code   RO         3203    i.HAL_GetTick       stm32f4xx_hal.o
    0x080028a0   0x080028a0   0x00000018   Code   RO         3209    i.HAL_IncTick       stm32f4xx_hal.o
    0x080028b8   0x080028b8   0x0000003c   Code   RO         3210    i.HAL_Init          stm32f4xx_hal.o
    0x080028f4   0x080028f4   0x000000b4   Code   RO          947    i.HAL_InitTick      stm32f4xx_hal_timebase_tim.o
    0x080029a8   0x080029a8   0x00000054   Code   RO          923    i.HAL_MspInit       stm32f4xx_hal_msp.o
    0x080029fc   0x080029fc   0x00000028   Code   RO         3040    i.HAL_NVIC_EnableIRQ  stm32f4xx_hal_cortex.o
    0x08002a24   0x08002a24   0x0000007c   Code   RO         3046    i.HAL_NVIC_SetPriority  stm32f4xx_hal_cortex.o
    0x08002aa0   0x08002aa0   0x00000028   Code   RO         3047    i.HAL_NVIC_SetPriorityGrouping  stm32f4xx_hal_cortex.o
    0x08002ac8   0x08002ac8   0x00000184   Code   RO         2249    i.HAL_RCC_ClockConfig  stm32f4xx_hal_rcc.o
    0x08002c4c   0x08002c4c   0x00000044   Code   RO         2253    i.HAL_RCC_GetClockConfig  stm32f4xx_hal_rcc.o
    0x08002c90   0x08002c90   0x0000000c   Code   RO         2254    i.HAL_RCC_GetHCLKFreq  stm32f4xx_hal_rcc.o
    0x08002c9c   0x08002c9c   0x00000020   Code   RO         2256    i.HAL_RCC_GetPCLK1Freq  stm32f4xx_hal_rcc.o
    0x08002cbc   0x08002cbc   0x00000020   Code   RO         2257    i.HAL_RCC_GetPCLK2Freq  stm32f4xx_hal_rcc.o
    0x08002cdc   0x08002cdc   0x000000b0   Code   RO         2258    i.HAL_RCC_GetSysClockFreq  stm32f4xx_hal_rcc.o
    0x08002d8c   0x08002d8c   0x0000049c   Code   RO         2261    i.HAL_RCC_OscConfig  stm32f4xx_hal_rcc.o
    0x08003228   0x08003228   0x00000002   Code   RO         1703    i.HAL_TIMEx_BreakCallback  stm32f4xx_hal_tim_ex.o
    0x0800322a   0x0800322a   0x00000002   Code   RO         1704    i.HAL_TIMEx_CommutCallback  stm32f4xx_hal_tim_ex.o
    0x0800322c   0x0800322c   0x000000b4   Code   RO         1722    i.HAL_TIMEx_MasterConfigSynchronization  stm32f4xx_hal_tim_ex.o
    0x080032e0   0x080032e0   0x00000066   Code   RO          988    i.HAL_TIM_Base_Init  stm32f4xx_hal_tim.o
    0x08003346   0x08003346   0x00000002   PAD
    0x08003348   0x08003348   0x0000005c   Code   RO          620    i.HAL_TIM_Base_MspInit  tim.o
    0x080033a4   0x080033a4   0x000000a8   Code   RO          993    i.HAL_TIM_Base_Start_IT  stm32f4xx_hal_tim.o
    0x0800344c   0x0800344c   0x0000010c   Code   RO          997    i.HAL_TIM_ConfigClockSource  stm32f4xx_hal_tim.o
    0x08003558   0x08003558   0x00000002   Code   RO         1022    i.HAL_TIM_IC_CaptureCallback  stm32f4xx_hal_tim.o
    0x0800355a   0x0800355a   0x0000016c   Code   RO         1036    i.HAL_TIM_IRQHandler  stm32f4xx_hal_tim.o
    0x080036c6   0x080036c6   0x00000002   PAD
    0x080036c8   0x080036c8   0x000000a4   Code   RO          621    i.HAL_TIM_MspPostInit  tim.o
    0x0800376c   0x0800376c   0x00000002   Code   RO         1039    i.HAL_TIM_OC_DelayElapsedCallback  stm32f4xx_hal_tim.o
    0x0800376e   0x0800376e   0x00000104   Code   RO         1060    i.HAL_TIM_PWM_ConfigChannel  stm32f4xx_hal_tim.o
    0x08003872   0x08003872   0x00000066   Code   RO         1063    i.HAL_TIM_PWM_Init  stm32f4xx_hal_tim.o
    0x080038d8   0x080038d8   0x00000002   Code   RO         1065    i.HAL_TIM_PWM_MspInit  stm32f4xx_hal_tim.o
    0x080038da   0x080038da   0x00000002   Code   RO         1066    i.HAL_TIM_PWM_PulseFinishedCallback  stm32f4xx_hal_tim.o
    0x080038dc   0x080038dc   0x0000010c   Code   RO         1068    i.HAL_TIM_PWM_Start  stm32f4xx_hal_tim.o
    0x080039e8   0x080039e8   0x00000018   Code   RO           14    i.HAL_TIM_PeriodElapsedCallback  main.o
    0x08003a00   0x08003a00   0x00000002   Code   RO         1079    i.HAL_TIM_TriggerCallback  stm32f4xx_hal_tim.o
    0x08003a02   0x08003a02   0x00000070   Code   RO         3692    i.HAL_UARTEx_ReceiveToIdle_DMA  stm32f4xx_hal_uart.o
    0x08003a72   0x08003a72   0x00000002   Code   RO         3694    i.HAL_UARTEx_RxEventCallback  stm32f4xx_hal_uart.o
    0x08003a74   0x08003a74   0x00000078   Code   RO         6550    i.HAL_UART_ErrorCallback  error_handle.o
    0x08003aec   0x08003aec   0x00000308   Code   RO         3711    i.HAL_UART_IRQHandler  stm32f4xx_hal_uart.o
    0x08003df4   0x08003df4   0x00000076   Code   RO         3712    i.HAL_UART_Init     stm32f4xx_hal_uart.o
    0x08003e6a   0x08003e6a   0x00000002   PAD
    0x08003e6c   0x08003e6c   0x000006ac   Code   RO          674    i.HAL_UART_MspInit  usart.o
    0x08004518   0x08004518   0x00000002   Code   RO         3718    i.HAL_UART_RxCpltCallback  stm32f4xx_hal_uart.o
    0x0800451a   0x0800451a   0x00000002   Code   RO         3719    i.HAL_UART_RxHalfCpltCallback  stm32f4xx_hal_uart.o
    0x0800451c   0x0800451c   0x000000be   Code   RO         3720    i.HAL_UART_Transmit  stm32f4xx_hal_uart.o
    0x080045da   0x080045da   0x00000002   PAD
    0x080045dc   0x080045dc   0x0000009c   Code   RO         3721    i.HAL_UART_Transmit_DMA  stm32f4xx_hal_uart.o
    0x08004678   0x08004678   0x0000006c   Code   RO         6078    i.HAL_UART_TxCpltCallback  module_uart.o
    0x080046e4   0x080046e4   0x00000002   Code   RO         3724    i.HAL_UART_TxHalfCpltCallback  stm32f4xx_hal_uart.o
    0x080046e6   0x080046e6   0x00000004   Code   RO          760    i.HardFault_Handler  stm32f4xx_it.o
    0x080046ea   0x080046ea   0x00000002   PAD
    0x080046ec   0x080046ec   0x0000001c   Code   RO         6127    i.I2c_Init          sht_iic_hal.o
    0x08004708   0x08004708   0x000000b8   Code   RO         6128    i.I2c_ReadByte      sht_iic_hal.o
    0x080047c0   0x080047c0   0x00000048   Code   RO         6129    i.I2c_StartCondition  sht_iic_hal.o
    0x08004808   0x08004808   0x00000048   Code   RO         6130    i.I2c_StopCondition  sht_iic_hal.o
    0x08004850   0x08004850   0x00000034   Code   RO         6131    i.I2c_WaitWhileClockStreching  sht_iic_hal.o
    0x08004884   0x08004884   0x00000090   Code   RO         6132    i.I2c_WriteByte     sht_iic_hal.o
    0x08004914   0x08004914   0x0000002a   Code   RO         5938    i.InvertUint16      crc16_lib.o
    0x0800493e   0x0800493e   0x0000002a   Code   RO         5939    i.InvertUint8       crc16_lib.o
    0x08004968   0x08004968   0x00000168   Code   RO         6403    i.LED_Ctrl          module_led.o
    0x08004ad0   0x08004ad0   0x00000080   Code   RO         6404    i.LED_Init          module_led.o
    0x08004b50   0x08004b50   0x00000070   Code   RO          510    i.MX_ADC1_Init      adc.o
    0x08004bc0   0x08004bc0   0x00000044   Code   RO          552    i.MX_CAN1_Init      can.o
    0x08004c04   0x08004c04   0x00000108   Code   RO          592    i.MX_DMA_Init       dma.o
    0x08004d0c   0x08004d0c   0x00000164   Code   RO          440    i.MX_FREERTOS_Init  freertos.o
    0x08004e70   0x08004e70   0x00000154   Code   RO          309    i.MX_GPIO_Init      gpio.o
    0x08004fc4   0x08004fc4   0x000000d0   Code   RO          622    i.MX_TIM2_Init      tim.o
    0x08005094   0x08005094   0x000000a8   Code   RO          623    i.MX_TIM3_Init      tim.o
    0x0800513c   0x0800513c   0x00000038   Code   RO          675    i.MX_UART4_Init     usart.o
    0x08005174   0x08005174   0x00000038   Code   RO          676    i.MX_UART5_Init     usart.o
    0x080051ac   0x080051ac   0x00000038   Code   RO          677    i.MX_USART1_UART_Init  usart.o
    0x080051e4   0x080051e4   0x00000038   Code   RO          678    i.MX_USART2_UART_Init  usart.o
    0x0800521c   0x0800521c   0x00000038   Code   RO          679    i.MX_USART3_UART_Init  usart.o
    0x08005254   0x08005254   0x00000038   Code   RO          680    i.MX_USART6_UART_Init  usart.o
    0x0800528c   0x0800528c   0x000000c0   Code   RO         6580    i.Manual_H_Ctrl     module_prop.o
    0x0800534c   0x0800534c   0x00000090   Code   RO         6581    i.Manual_V_Ctrl     module_prop.o
    0x080053dc   0x080053dc   0x00000004   Code   RO          761    i.MemManage_Handler  stm32f4xx_it.o
    0x080053e0   0x080053e0   0x00000058   Code   RO         6740    i.Motor_SetSpeed    module_485_prop.o
    0x08005438   0x08005438   0x00000004   Code   RO          762    i.NMI_Handler       stm32f4xx_it.o
    0x0800543c   0x0800543c   0x0000001c   Code   RO          441    i.PWM_Ctrl          freertos.o
    0x08005458   0x08005458   0x00000224   Code   RO         6513    i.Press_DataPro     rov_pressure_sensor.o
    0x0800567c   0x0800567c   0x00000054   Code   RO         6583    i.Prop_Apply_Horizontal  module_prop.o
    0x080056d0   0x080056d0   0x0000005c   Code   RO         6584    i.Prop_Apply_Vertical  module_prop.o
    0x0800572c   0x0800572c   0x000002a4   Code   RO         6002    i.ROV_FeedbackData  maincommunicate.o
    0x080059d0   0x080059d0   0x00000078   Code   RO         6514    i.ROV_Press_Init    rov_pressure_sensor.o
    0x08005a48   0x08005a48   0x00000190   Code   RO         6003    i.ROV_ReceiveData   maincommunicate.o
    0x08005bd8   0x08005bd8   0x0000003a   Code   RO         6218    i.SHT3X_CalcCrc     rov_t&h_sensor.o
    0x08005c12   0x08005c12   0x00000002   PAD
    0x08005c14   0x08005c14   0x00000024   Code   RO         6219    i.SHT3X_CalcHumidity  rov_t&h_sensor.o
    0x08005c38   0x08005c38   0x00000030   Code   RO         6222    i.SHT3X_CalcTemperature  rov_t&h_sensor.o
    0x08005c68   0x08005c68   0x00000022   Code   RO         6223    i.SHT3X_CheckCrc    rov_t&h_sensor.o
    0x08005c8a   0x08005c8a   0x00000010   Code   RO         6231    i.SHT3X_Init        rov_t&h_sensor.o
    0x08005c9a   0x08005c9a   0x00000058   Code   RO         6232    i.SHT3X_Read2BytesAndCrc  rov_t&h_sensor.o
    0x08005cf2   0x08005cf2   0x0000005e   Code   RO         6234    i.SHT3X_ReadMeasurementBuffer  rov_t&h_sensor.o
    0x08005d50   0x08005d50   0x00000034   Code   RO         6235    i.SHT3X_ReadStatus  rov_t&h_sensor.o
    0x08005d84   0x08005d84   0x0000000c   Code   RO         6237    i.SHT3X_SetI2cAdr   rov_t&h_sensor.o
    0x08005d90   0x08005d90   0x00000024   Code   RO         6238    i.SHT3X_SoftReset   rov_t&h_sensor.o
    0x08005db4   0x08005db4   0x0000012c   Code   RO         6239    i.SHT3X_StartPeriodicMeasurment  rov_t&h_sensor.o
    0x08005ee0   0x08005ee0   0x00000020   Code   RO         6240    i.SHT3X_StartReadAccess  rov_t&h_sensor.o
    0x08005f00   0x08005f00   0x0000001c   Code   RO         6241    i.SHT3X_StartWriteAccess  rov_t&h_sensor.o
    0x08005f1c   0x08005f1c   0x00000008   Code   RO         6242    i.SHT3X_StopAccess  rov_t&h_sensor.o
    0x08005f24   0x08005f24   0x00000018   Code   RO         6245    i.SHT3X_WriteCommand  rov_t&h_sensor.o
    0x08005f3c   0x08005f3c   0x0000001e   Code   RO         6004    i.ShortConvertSign  maincommunicate.o
    0x08005f5a   0x08005f5a   0x00000002   PAD
    0x08005f5c   0x08005f5c   0x00000054   Code   RO          442    i.Standby_Callback  freertos.o
    0x08005fb0   0x08005fb0   0x0000000a   Code   RO          443    i.StartDefaultTask  freertos.o
    0x08005fba   0x08005fba   0x00000016   Code   RO         5264    i.SysTick_Handler   cmsis_os2.o
    0x08005fd0   0x08005fd0   0x000000b4   Code   RO           15    i.SystemClock_Config  main.o
    0x08006084   0x08006084   0x00000014   Code   RO         4056    i.SystemInit        system_stm32f4xx.o
    0x08006098   0x08006098   0x00000010   Code   RO          763    i.TIM7_IRQHandler   stm32f4xx_it.o
    0x080060a8   0x080060a8   0x000000e0   Code   RO         1081    i.TIM_Base_SetConfig  stm32f4xx_hal_tim.o
    0x08006188   0x08006188   0x00000022   Code   RO         1082    i.TIM_CCxChannelCmd  stm32f4xx_hal_tim.o
    0x080061aa   0x080061aa   0x00000016   Code   RO         1092    i.TIM_ETR_SetConfig  stm32f4xx_hal_tim.o
    0x080061c0   0x080061c0   0x00000012   Code   RO         1093    i.TIM_ITRx_SetConfig  stm32f4xx_hal_tim.o
    0x080061d2   0x080061d2   0x00000002   PAD
    0x080061d4   0x080061d4   0x00000070   Code   RO         1094    i.TIM_OC1_SetConfig  stm32f4xx_hal_tim.o
    0x08006244   0x08006244   0x0000007c   Code   RO         1095    i.TIM_OC2_SetConfig  stm32f4xx_hal_tim.o
    0x080062c0   0x080062c0   0x00000078   Code   RO         1096    i.TIM_OC3_SetConfig  stm32f4xx_hal_tim.o
    0x08006338   0x08006338   0x00000054   Code   RO         1097    i.TIM_OC4_SetConfig  stm32f4xx_hal_tim.o
    0x0800638c   0x0800638c   0x00000026   Code   RO         1099    i.TIM_TI1_ConfigInputStage  stm32f4xx_hal_tim.o
    0x080063b2   0x080063b2   0x00000028   Code   RO         1101    i.TIM_TI2_ConfigInputStage  stm32f4xx_hal_tim.o
    0x080063da   0x080063da   0x00000016   Code   RO         5265    i.TimerCallback     cmsis_os2.o
    0x080063f0   0x080063f0   0x00000014   Code   RO          764    i.UART4_IRQHandler  stm32f4xx_it.o
    0x08006404   0x08006404   0x00000014   Code   RO          765    i.UART5_IRQHandler  stm32f4xx_it.o
    0x08006418   0x08006418   0x00000012   Code   RO         3725    i.UART_DMAAbortOnError  stm32f4xx_hal_uart.o
    0x0800642a   0x0800642a   0x00000050   Code   RO         3726    i.UART_DMAError     stm32f4xx_hal_uart.o
    0x0800647a   0x0800647a   0x000000b4   Code   RO         3727    i.UART_DMAReceiveCplt  stm32f4xx_hal_uart.o
    0x0800652e   0x0800652e   0x00000024   Code   RO         3729    i.UART_DMARxHalfCplt  stm32f4xx_hal_uart.o
    0x08006552   0x08006552   0x00000058   Code   RO         3731    i.UART_DMATransmitCplt  stm32f4xx_hal_uart.o
    0x080065aa   0x080065aa   0x0000000e   Code   RO         3733    i.UART_DMATxHalfCplt  stm32f4xx_hal_uart.o
    0x080065b8   0x080065b8   0x0000006c   Code   RO         3735    i.UART_EndRxTransfer  stm32f4xx_hal_uart.o
    0x08006624   0x08006624   0x00000020   Code   RO         3736    i.UART_EndTransmit_IT  stm32f4xx_hal_uart.o
    0x08006644   0x08006644   0x00000026   Code   RO         3737    i.UART_EndTxTransfer  stm32f4xx_hal_uart.o
    0x0800666a   0x0800666a   0x000000fc   Code   RO         3738    i.UART_Receive_IT   stm32f4xx_hal_uart.o
    0x08006766   0x08006766   0x00000002   PAD
    0x08006768   0x08006768   0x0000022c   Code   RO         3739    i.UART_SetConfig    stm32f4xx_hal_uart.o
    0x08006994   0x08006994   0x000000d8   Code   RO         3740    i.UART_Start_Receive_DMA  stm32f4xx_hal_uart.o
    0x08006a6c   0x08006a6c   0x00000060   Code   RO         3742    i.UART_Transmit_IT  stm32f4xx_hal_uart.o
    0x08006acc   0x08006acc   0x0000008c   Code   RO         3743    i.UART_WaitOnFlagUntilTimeout  stm32f4xx_hal_uart.o
    0x08006b58   0x08006b58   0x00000060   Code   RO         6744    i.UART_WaitRx       module_485_prop.o
    0x08006bb8   0x08006bb8   0x00000014   Code   RO          766    i.USART1_IRQHandler  stm32f4xx_it.o
    0x08006bcc   0x08006bcc   0x00000014   Code   RO          767    i.USART2_IRQHandler  stm32f4xx_it.o
    0x08006be0   0x08006be0   0x00000014   Code   RO          768    i.USART3_IRQHandler  stm32f4xx_it.o
    0x08006bf4   0x08006bf4   0x00000014   Code   RO          769    i.USART6_IRQHandler  stm32f4xx_it.o
    0x08006c08   0x08006c08   0x00000174   Code   RO         6079    i.USER_UART_IdleCpltCallback  module_uart.o
    0x08006d7c   0x08006d7c   0x00000004   Code   RO          770    i.UsageFault_Handler  stm32f4xx_it.o
    0x08006d80   0x08006d80   0x00000094   Code   RO         6080    i.User_UART_Init    module_uart.o
    0x08006e14   0x08006e14   0x00000158   Code   RO         6745    i.WriteReg          module_485_prop.o
    0x08006f6c   0x08006f6c   0x00000010   Code   RO         3053    i.__NVIC_GetPriorityGrouping  stm32f4xx_hal_cortex.o
    0x08006f7c   0x08006f7c   0x00000028   Code   RO         3054    i.__NVIC_SetPriority  stm32f4xx_hal_cortex.o
    0x08006fa4   0x08006fa4   0x00000006   Code   RO         5266    i.__get_IPSR        cmsis_os2.o
    0x08006faa   0x08006faa   0x0000000e   Code   RO         7016    i.__scatterload_copy  mc_w.l(handlers.o)
    0x08006fb8   0x08006fb8   0x00000002   Code   RO         7017    i.__scatterload_null  mc_w.l(handlers.o)
    0x08006fba   0x08006fba   0x0000000e   Code   RO         7018    i.__scatterload_zeroinit  mc_w.l(handlers.o)
    0x08006fc8   0x08006fc8   0x00000048   Code   RO           16    i.main              main.o
    0x08007010   0x08007010   0x0000001e   Code   RO         5267    i.osDelay           cmsis_os2.o
    0x0800702e   0x0800702e   0x00000002   PAD
    0x08007030   0x08007030   0x0000002c   Code   RO         5281    i.osKernelInitialize  cmsis_os2.o
    0x0800705c   0x0800705c   0x00000060   Code   RO         5284    i.osKernelStart     cmsis_os2.o
    0x080070bc   0x080070bc   0x00000062   Code   RO         5304    i.osMutexAcquire    cmsis_os2.o
    0x0800711e   0x0800711e   0x000000b2   Code   RO         5307    i.osMutexNew        cmsis_os2.o
    0x080071d0   0x080071d0   0x0000004e   Code   RO         5308    i.osMutexRelease    cmsis_os2.o
    0x0800721e   0x0800721e   0x000000b8   Code   RO         5326    i.osThreadNew       cmsis_os2.o
    0x080072d6   0x080072d6   0x00000002   PAD
    0x080072d8   0x080072d8   0x000000bc   Code   RO         5335    i.osTimerNew        cmsis_os2.o
    0x08007394   0x08007394   0x0000003c   Code   RO         5336    i.osTimerStart      cmsis_os2.o
    0x080073d0   0x080073d0   0x0000007c   Code   RO         4701    i.prvAddCurrentTaskToDelayedList  tasks.o
    0x0800744c   0x0800744c   0x000000b8   Code   RO         4702    i.prvAddNewTaskToReadyList  tasks.o
    0x08007504   0x08007504   0x00000074   Code   RO         5077    i.prvCheckForValidListAndQueue  timers.o
    0x08007578   0x08007578   0x00000048   Code   RO         4703    i.prvCheckTasksWaitingTermination  tasks.o
    0x080075c0   0x080075c0   0x0000002a   Code   RO         4288    i.prvCopyDataFromQueue  queue.o
    0x080075ea   0x080075ea   0x0000007e   Code   RO         4289    i.prvCopyDataToQueue  queue.o
    0x08007668   0x08007668   0x00000050   Code   RO         4704    i.prvDeleteTCB      tasks.o
    0x080076b8   0x080076b8   0x00000014   Code   RO         4290    i.prvGetDisinheritPriorityAfterTimeout  queue.o
    0x080076cc   0x080076cc   0x00000028   Code   RO         5078    i.prvGetNextExpireTime  timers.o
    0x080076f4   0x080076f4   0x0000007c   Code   RO         5798    i.prvHeapInit       heap_4.o
    0x08007770   0x08007770   0x00000028   Code   RO         4705    i.prvIdleTask       tasks.o
    0x08007798   0x08007798   0x0000001e   Code   RO         4291    i.prvInitialiseMutex  queue.o
    0x080077b6   0x080077b6   0x0000002a   Code   RO         4292    i.prvInitialiseNewQueue  queue.o
    0x080077e0   0x080077e0   0x000000be   Code   RO         4706    i.prvInitialiseNewTask  tasks.o
    0x0800789e   0x0800789e   0x0000005a   Code   RO         5079    i.prvInitialiseNewTimer  timers.o
    0x080078f8   0x080078f8   0x00000068   Code   RO         4707    i.prvInitialiseTaskLists  tasks.o
    0x08007960   0x08007960   0x00000068   Code   RO         5799    i.prvInsertBlockIntoFreeList  heap_4.o
    0x080079c8   0x080079c8   0x00000058   Code   RO         5080    i.prvInsertTimerInActiveList  timers.o
    0x08007a20   0x08007a20   0x0000001a   Code   RO         4293    i.prvIsQueueEmpty   queue.o
    0x08007a3a   0x08007a3a   0x0000001e   Code   RO         4294    i.prvIsQueueFull    queue.o
    0x08007a58   0x08007a58   0x00000074   Code   RO         5081    i.prvProcessExpiredTimer  timers.o
    0x08007acc   0x08007acc   0x00000164   Code   RO         5082    i.prvProcessReceivedCommands  timers.o
    0x08007c30   0x08007c30   0x00000074   Code   RO         5083    i.prvProcessTimerOrBlockTask  timers.o
    0x08007ca4   0x08007ca4   0x00000034   Code   RO         4709    i.prvResetNextTaskUnblockTime  tasks.o
    0x08007cd8   0x08007cd8   0x0000002c   Code   RO         5084    i.prvSampleTimeNow  timers.o
    0x08007d04   0x08007d04   0x000000a4   Code   RO         5085    i.prvSwitchTimerLists  timers.o
    0x08007da8   0x08007da8   0x00000040   Code   RO         5854    i.prvTaskExitError  port.o
    0x08007de8   0x08007de8   0x0000001a   Code   RO         5086    i.prvTimerTask      timers.o
    0x08007e02   0x08007e02   0x0000007e   Code   RO         4295    i.prvUnlockQueue    queue.o
    0x08007e80   0x08007e80   0x0000014c   Code   RO         5800    i.pvPortMalloc      heap_4.o
    0x08007fcc   0x08007fcc   0x00000020   Code   RO         4712    i.pvTaskIncrementMutexHeldCount  tasks.o
    0x08007fec   0x08007fec   0x0000002c   Code   RO         5087    i.pvTimerGetTimerID  timers.o
    0x08008018   0x08008018   0x0000002c   Code   RO         5855    i.pxPortInitialiseStack  port.o
    0x08008044   0x08008044   0x00000074   Code   RO         4713    i.ulTaskNotifyTake  tasks.o
    0x080080b8   0x080080b8   0x00000028   Code   RO         4248    i.uxListRemove      list.o
    0x080080e0   0x080080e0   0x00000018   Code   RO         5338    i.vApplicationGetIdleTaskMemory  cmsis_os2.o
    0x080080f8   0x080080f8   0x00000018   Code   RO         5339    i.vApplicationGetTimerTaskMemory  cmsis_os2.o
    0x08008110   0x08008110   0x0000001a   Code   RO         4249    i.vListInitialise   list.o
    0x0800812a   0x0800812a   0x00000006   Code   RO         4250    i.vListInitialiseItem  list.o
    0x08008130   0x08008130   0x00000034   Code   RO         4251    i.vListInsert       list.o
    0x08008164   0x08008164   0x00000018   Code   RO         4252    i.vListInsertEnd    list.o
    0x0800817c   0x0800817c   0x00000054   Code   RO         5857    i.vPortEnterCritical  port.o
    0x080081d0   0x080081d0   0x0000003c   Code   RO         5858    i.vPortExitCritical  port.o
    0x0800820c   0x0800820c   0x000000a4   Code   RO         5801    i.vPortFree         heap_4.o
    0x080082b0   0x080082b0   0x00000028   Code   RO         5859    i.vPortSetupTimerInterrupt  port.o
    0x080082d8   0x080082d8   0x00000078   Code   RO         5860    i.vPortValidateInterruptPriority  port.o
    0x08008350   0x08008350   0x0000002c   Code   RO         4301    i.vQueueAddToRegistry  queue.o
    0x0800837c   0x0800837c   0x0000004a   Code   RO         4305    i.vQueueWaitForMessageRestricted  queue.o
    0x080083c6   0x080083c6   0x00000002   PAD
    0x080083c8   0x080083c8   0x0000005c   Code   RO         4722    i.vTaskDelay        tasks.o
    0x08008424   0x08008424   0x000000d4   Code   RO         4723    i.vTaskDelayUntil   tasks.o
    0x080084f8   0x080084f8   0x000000c8   Code   RO         4724    i.vTaskDelete       tasks.o
    0x080085c0   0x080085c0   0x00000018   Code   RO         4727    i.vTaskInternalSetTimeOutState  tasks.o
    0x080085d8   0x080085d8   0x0000000c   Code   RO         4728    i.vTaskMissedYield  tasks.o
    0x080085e4   0x080085e4   0x00000038   Code   RO         4730    i.vTaskPlaceOnEventList  tasks.o
    0x0800861c   0x0800861c   0x00000040   Code   RO         4731    i.vTaskPlaceOnEventListRestricted  tasks.o
    0x0800865c   0x0800865c   0x000000d0   Code   RO         4733    i.vTaskPriorityDisinheritAfterTimeout  tasks.o
    0x0800872c   0x0800872c   0x000000b8   Code   RO         4739    i.vTaskStartScheduler  tasks.o
    0x080087e4   0x080087e4   0x00000010   Code   RO         4741    i.vTaskSuspendAll   tasks.o
    0x080087f4   0x080087f4   0x00000090   Code   RO         4742    i.vTaskSwitchContext  tasks.o
    0x08008884   0x08008884   0x00000168   Code   RO         5861    i.xPortStartScheduler  port.o
    0x080089ec   0x080089ec   0x00000034   Code   RO         5862    i.xPortSysTickHandler  port.o
    0x08008a20   0x08008a20   0x00000022   Code   RO         4308    i.xQueueCreateMutex  queue.o
    0x08008a42   0x08008a42   0x0000002a   Code   RO         4309    i.xQueueCreateMutexStatic  queue.o
    0x08008a6c   0x08008a6c   0x0000005a   Code   RO         4310    i.xQueueGenericCreate  queue.o
    0x08008ac6   0x08008ac6   0x000000e0   Code   RO         4311    i.xQueueGenericCreateStatic  queue.o
    0x08008ba6   0x08008ba6   0x00000002   PAD
    0x08008ba8   0x08008ba8   0x00000098   Code   RO         4312    i.xQueueGenericReset  queue.o
    0x08008c40   0x08008c40   0x000001a8   Code   RO         4313    i.xQueueGenericSend  queue.o
    0x08008de8   0x08008de8   0x000000fc   Code   RO         4314    i.xQueueGenericSendFromISR  queue.o
    0x08008ee4   0x08008ee4   0x00000048   Code   RO         4318    i.xQueueGiveMutexRecursive  queue.o
    0x08008f2c   0x08008f2c   0x00000168   Code   RO         4323    i.xQueueReceive     queue.o
    0x08009094   0x08009094   0x000001b8   Code   RO         4325    i.xQueueSemaphoreTake  queue.o
    0x0800924c   0x0800924c   0x0000004e   Code   RO         4326    i.xQueueTakeMutexRecursive  queue.o
    0x0800929a   0x0800929a   0x00000002   PAD
    0x0800929c   0x0800929c   0x0000008c   Code   RO         4744    i.xTaskCheckForTimeOut  tasks.o
    0x08009328   0x08009328   0x00000064   Code   RO         4745    i.xTaskCreate       tasks.o
    0x0800938c   0x0800938c   0x000000ba   Code   RO         4746    i.xTaskCreateStatic  tasks.o
    0x08009446   0x08009446   0x00000002   PAD
    0x08009448   0x08009448   0x00000128   Code   RO         4747    i.xTaskGenericNotify  tasks.o
    0x08009570   0x08009570   0x0000000c   Code   RO         4749    i.xTaskGetCurrentTaskHandle  tasks.o
    0x0800957c   0x0800957c   0x00000020   Code   RO         4750    i.xTaskGetSchedulerState  tasks.o
    0x0800959c   0x0800959c   0x0000000c   Code   RO         4751    i.xTaskGetTickCount  tasks.o
    0x080095a8   0x080095a8   0x00000144   Code   RO         4753    i.xTaskIncrementTick  tasks.o
    0x080096ec   0x080096ec   0x000000a4   Code   RO         4756    i.xTaskPriorityDisinherit  tasks.o
    0x08009790   0x08009790   0x000000a4   Code   RO         4757    i.xTaskPriorityInherit  tasks.o
    0x08009834   0x08009834   0x00000098   Code   RO         4758    i.xTaskRemoveFromEventList  tasks.o
    0x080098cc   0x080098cc   0x00000104   Code   RO         4759    i.xTaskResumeAll    tasks.o
    0x080099d0   0x080099d0   0x00000036   Code   RO         5093    i.xTimerCreate      timers.o
    0x08009a06   0x08009a06   0x00000072   Code   RO         5094    i.xTimerCreateStatic  timers.o
    0x08009a78   0x08009a78   0x00000078   Code   RO         5095    i.xTimerCreateTimerTask  timers.o
    0x08009af0   0x08009af0   0x00000084   Code   RO         5096    i.xTimerGenericCommand  timers.o
    0x08009b74   0x08009b74   0x00000270   Data   RO          444    .constdata          freertos.o
    0x08009de4   0x08009de4   0x00000008   Data   RO         2767    .constdata          stm32f4xx_hal_dma.o
    0x08009dec   0x08009dec   0x00000018   Data   RO         4057    .constdata          system_stm32f4xx.o
    0x08009e04   0x08009e04   0x00000082   Data   RO         6081    .constdata          module_uart.o
    0x08009e86   0x08009e86   0x00000002   PAD
    0x08009e88   0x08009e88   0x00000010   Data   RO         6406    .constdata          module_led.o
    0x08009e98   0x08009e98   0x00000142   Data   RO          445    .conststring        freertos.o
    0x08009fda   0x08009fda   0x00000002   PAD
    0x08009fdc   0x08009fdc   0x00000020   Data   RO         7014    Region$$Table       anon$$obj.o


    Execution Region RW_IRAM2 (Exec base: 0x10000000, Load base: 0x0800a080, Size: 0x00000000, Max: 0x00010000, ABSOLUTE)

    **** No section assigned to this execution region ****


    Execution Region RW_IRAM1 (Exec base: 0x20000000, Load base: 0x08009ffc, Size: 0x00005fa8, Max: 0x00020000, ABSOLUTE, COMPRESSED[0x00000084])

    Exec Addr    Load Addr    Size         Type   Attr      Idx    E Section Name        Object

    0x20000000   COMPRESSED   0x00000054   Data   RW          446    .data               freertos.o
    0x20000054   COMPRESSED   0x00000009   Data   RW         3217    .data               stm32f4xx_hal.o
    0x2000005d   COMPRESSED   0x00000003   PAD
    0x20000060   COMPRESSED   0x00000004   Data   RW         4058    .data               system_stm32f4xx.o
    0x20000064   COMPRESSED   0x0000003c   Data   RW         4762    .data               tasks.o
    0x200000a0   COMPRESSED   0x00000014   Data   RW         5104    .data               timers.o
    0x200000b4   COMPRESSED   0x00000004   Data   RW         5341    .data               cmsis_os2.o
    0x200000b8   COMPRESSED   0x00000020   Data   RW         5807    .data               heap_4.o
    0x200000d8   COMPRESSED   0x0000000c   Data   RW         5863    .data               port.o
    0x200000e4   COMPRESSED   0x00000008   Data   RW         6006    .data               maincommunicate.o
    0x200000ec   COMPRESSED   0x0000063d   Data   RW         6082    .data               module_uart.o
    0x20000729   COMPRESSED   0x00000001   Data   RW         6248    .data               rov_t&h_sensor.o
    0x2000072a   COMPRESSED   0x00000002   Data   RW         6407    .data               module_led.o
    0x2000072c   COMPRESSED   0x00000008   Data   RW         6484    .data               rov_airpressure_sensor.o
    0x20000734   COMPRESSED   0x00000007   Data   RW         6516    .data               rov_pressure_sensor.o
    0x2000073b   COMPRESSED   0x00000001   PAD
    0x2000073c   COMPRESSED   0x00000048   Data   RW         6586    .data               module_prop.o
    0x20000784   COMPRESSED   0x00000058   Data   RW         6666    .data               module_pid.o
    0x200007dc   COMPRESSED   0x00000006   Data   RW         6747    .data               module_485_prop.o
    0x200007e2   COMPRESSED   0x00000002   PAD
    0x200007e4   COMPRESSED   0x00000010   Data   RW         6838    .data               module_can_prop.o
    0x200007f4        -       0x00000048   Zero   RW          511    .bss                adc.o
    0x2000083c        -       0x00000028   Zero   RW          553    .bss                can.o
    0x20000864        -       0x00000090   Zero   RW          624    .bss                tim.o
    0x200008f4        -       0x00000630   Zero   RW          681    .bss                usart.o
    0x20000f24        -       0x00000048   Zero   RW          950    .bss                stm32f4xx_hal_timebase_tim.o
    0x20000f6c        -       0x00000040   Zero   RW         4327    .bss                queue.o
    0x20000fac        -       0x000004c4   Zero   RW         4761    .bss                tasks.o
    0x20001470        -       0x00000118   Zero   RW         5103    .bss                timers.o
    0x20001588        -       0x000006c8   Zero   RW         5340    .bss                cmsis_os2.o
    0x20001c50        -       0x00003c00   Zero   RW         5806    .bss                heap_4.o
    0x20005850        -       0x0000008a   Zero   RW         6005    .bss                maincommunicate.o
    0x200058da   COMPRESSED   0x00000002   PAD
    0x200058dc        -       0x00000018   Zero   RW         6247    .bss                rov_t&h_sensor.o
    0x200058f4        -       0x00000016   Zero   RW         6405    .bss                module_led.o
    0x2000590a   COMPRESSED   0x00000002   PAD
    0x2000590c        -       0x00000010   Zero   RW         6444    .bss                module_compass.o
    0x2000591c        -       0x0000005c   Zero   RW         6515    .bss                rov_pressure_sensor.o
    0x20005978        -       0x0000013c   Zero   RW         6665    .bss                module_pid.o
    0x20005ab4        -       0x00000050   Zero   RW         6746    .bss                module_485_prop.o
    0x20005b04        -       0x00000094   Zero   RW         6837    .bss                module_can_prop.o
    0x20005b98        -       0x0000000a   Zero   RW         6896    .bss                module_encoder.o
    0x20005ba2   COMPRESSED   0x00000006   PAD
    0x20005ba8        -       0x00000400   Zero   RW            1    STACK               startup_stm32f407xx.o


==============================================================================

Image component sizes


      Code (inc. data)   RO Data    RW Data    ZI Data      Debug   Object Name

       240         26          0          0         72       1669   adc.o
       220         22          0          0         40       1625   can.o
      1054         44          0          4       1736      69814   cmsis_os2.o
       204          0          0          0          0       2096   crc16_lib.o
         0          0          0          0          0       7012   croutine.o
       264          6          0          0          0        866   dma.o
       120         24          0          0          0        921   error_handle.o
         0          0          0          0          0      21864   event_groups.o
       646        202        946         84          0       6416   freertos.o
       340         16          0          0          0     712167   gpio.o
       724         74          0         32      15360       4791   heap_4.o
       148          0          0          0          0       3490   list.o
       282         16          0          0          0     709152   main.o
      1106         84          0          8        138       7691   maincommunicate.o
       528         44          0          6         80       3956   module_485_prop.o
       788         82          0         16        148       5936   module_can_prop.o
       598         28          0          0         16       2415   module_compass.o
         0          0          0          0         10       1478   module_encoder.o
       488         32         16          2         22       2404   module_led.o
       364         42          0         88        316       3502   module_pid.o
       534         56          0         72          0       5459   module_prop.o
       734         72        130       1597          0       4755   module_uart.o
      1014         92          0         12          0      11545   port.o
      2728         26          0          0         64      24236   queue.o
        56          8          0          8          0        798   rov_airpressure_sensor.o
       668         52          0          7         92       2789   rov_pressure_sensor.o
       866         56          0          1         24      11387   rov_t&h_sensor.o
       552         28          0          0          0       5595   sht_iic_hal.o
        32          0          0          0          0        596   sht_system.o
        36          8        392          0       1024        824   startup_stm32f407xx.o
       136         24          0          9          0       8634   stm32f4xx_hal.o
      1404         52          0          0          0       5641   stm32f4xx_hal_adc.o
      2198          4          0          0          0      14821   stm32f4xx_hal_can.o
       260         22          0          0          0      33486   stm32f4xx_hal_cortex.o
      1436         16          8          0          0       6918   stm32f4xx_hal_dma.o
       528         46          0          0          0       2735   stm32f4xx_hal_gpio.o
        84          6          0          0          0        834   stm32f4xx_hal_msp.o
      1888         94          0          0          0       6185   stm32f4xx_hal_rcc.o
      2358        142          0          0          0      16256   stm32f4xx_hal_tim.o
       184         30          0          0          0       2477   stm32f4xx_hal_tim_ex.o
       180         20          0          0         72       1427   stm32f4xx_hal_timebase_tim.o
      3214         40          0          0          0      18285   stm32f4xx_hal_uart.o
       366        108          0          0          0      12583   stm32f4xx_it.o
         0          0          0          0          0        392   stream_buffer.o
        20          6         24          4          0       1091   system_stm32f4xx.o
      4048        462          0         60       1220      34367   tasks.o
       632         34          0          0        144       3197   tim.o
      1620        124          0         20        280      36563   timers.o
      2044        180          0          0       1584       6139   usart.o

    ----------------------------------------------------------------------
     37982       2550       1552       2036      22452    1849280   Object Totals
         0          0         32          0          0          0   (incl. Generated)
        48          0          4          6         10          0   (incl. Padding)

    ----------------------------------------------------------------------

      Code (inc. data)   RO Data    RW Data    ZI Data      Debug   Library Member Name

        86          0          0          0          0          0   __dczerorl2.o
         0          0          0          0          0          0   entry.o
         0          0          0          0          0          0   entry10a.o
         0          0          0          0          0          0   entry11a.o
         8          4          0          0          0          0   entry2.o
         4          0          0          0          0          0   entry5.o
         0          0          0          0          0          0   entry7b.o
         0          0          0          0          0          0   entry8b.o
         8          4          0          0          0          0   entry9a.o
        30          0          0          0          0          0   handlers.o
        36          8          0          0          0         68   init.o
         0          0          0          0          0          0   iusefp.o
        30          0          0          0          0         68   llshl.o
        36          0          0          0          0         68   llsshr.o
        32          0          0          0          0         68   llushr.o
        36          0          0          0          0         68   memcpya.o
        36          0          0          0          0        108   memseta.o
        98          0          0          0          0         92   uldiv.o
        56          0          0          0          0         88   d2f.o
       334          0          0          0          0        148   dadd.o
       186          0          0          0          0        176   depilogue.o
        26          0          0          0          0         76   dfltui.o
       228          0          0          0          0         96   dmul.o
        38          0          0          0          0         68   f2d.o
       110          0          0          0          0        168   fepilogue.o

    ----------------------------------------------------------------------
      1422         16          0          0          0       1360   Library Totals
         4          0          0          0          0          0   (incl. Padding)

    ----------------------------------------------------------------------

      Code (inc. data)   RO Data    RW Data    ZI Data      Debug   Library Name

       440         16          0          0          0        540   mc_w.l
       978          0          0          0          0        820   mf_w.l

    ----------------------------------------------------------------------
      1422         16          0          0          0       1360   Library Totals

    ----------------------------------------------------------------------

==============================================================================


      Code (inc. data)   RO Data    RW Data    ZI Data      Debug   

     39404       2566       1552       2036      22452    1819552   Grand Totals
     39404       2566       1552        132      22452    1819552   ELF Image Totals (compressed)
     39404       2566       1552        132          0          0   ROM Totals

==============================================================================

    Total RO  Size (Code + RO Data)                40956 (  40.00kB)
    Total RW  Size (RW Data + ZI Data)             24488 (  23.91kB)
    Total ROM Size (Code + RO Data + RW Data)      41088 (  40.13kB)

==============================================================================

