<html>
<body>
<pre>
<h1>µVision Build Log</h1>
<h2>Tool Versions:</h2>
IDE-Version: ¦ÌVision V5.28.0.0
Copyright (C) 2019 ARM Ltd and ARM Germany GmbH. All rights reserved.
License Information: zkl 3318559945@qq.com, ouc, LIC=76F5U-S5YZA-MM29I-TJR5I-Z6PJE-9JQHD
 
Tool Versions:
Toolchain:       MDK-ARM Plus  Version: 5.28.0.0
Toolchain Path:  D:\Keil5\MDK\ARM\ARMCC\Bin
C Compiler:      Armcc.exe V5.06 update 6 (build 750)
Assembler:       Armasm.exe V5.06 update 6 (build 750)
Linker/Locator:  ArmLink.exe V5.06 update 6 (build 750)
Library Manager: ArmAr.exe V5.06 update 6 (build 750)
Hex Converter:   FromElf.exe V5.06 update 6 (build 750)
CPU DLL:         SARMCM3.DLL V5.28.0.0
Dialog DLL:      DCM.DLL V1.17.3.0
Target DLL:      CMSIS_AGDI.dll V1.31.18.0
Dialog DLL:      TCM.DLL V1.36.2.0
 
<h2>Project:</h2>
F:\work\ROV\version_0713\MDK-ARM\Main_Ctrl.uvprojx
Project File Date:  07/14/2026

<h2>Output:</h2>
*** Using Compiler 'V5.06 update 6 (build 750)', folder: 'D:\Keil5\MDK\ARM\ARMCC\Bin'
Build target 'Main_Ctrl'
compiling Module_485_Prop.c...
..\Users\Modules\Module_485_Prop.c(284): warning:  #177-D: variable "i"  was declared but never referenced
      uint8_t i;
..\Users\Modules\Module_485_Prop.c: 1 warning, 0 errors
linking...
Program Size: Code=40008 RO-data=1488 RW-data=1992 ZI-data=22560  
FromELF: creating hex file...
"Main_Ctrl\Main_Ctrl.axf" - 0 Error(s), 1 Warning(s).

<h2>Software Packages used:</h2>

Package Vendor: ARM
                http://www.keil.com/pack/ARM.CMSIS.5.5.1.pack
                ARM.CMSIS.5.5.1
                CMSIS (Cortex Microcontroller Software Interface Standard)
   * Component: CORE Version: 5.2.0

Package Vendor: Keil
                http://www.keil.com/pack/Keil.STM32F4xx_DFP.1.0.8.pack
                Keil.STM32F4xx_DFP.1.0.8
                STMicroelectronics STM32F4 Series Device Support, Drivers and Examples

<h2>Collection of Component include folders:</h2>
  .\RTE\_Main_Ctrl
  D:\Keil5\MDK\Arm\Packs\ARM\CMSIS\5.5.1\CMSIS\Core\Include
  D:\Keil5\MDK\Arm\Packs\Keil\STM32F4xx_DFP\1.0.8\Device\Include

<h2>Collection of Component Files used:</h2>

   * Component: ARM::CMSIS:CORE:5.2.0
Build Time Elapsed:  00:00:04
</pre>
</body>
</html>
